[2026-03-21T15:40:02.622+0000] {local_task_job_runner.py:120} INFO - ::group::Pre task execution logs
[2026-03-21T15:40:02.742+0000] {taskinstance.py:2073} INFO - Dependencies all met for dep_context=non-requeueable deps ti=<TaskInstance: isr_pipeline.parse_competition manual__2026-03-21T14:33:32.851998+00:00 map_index=6 [queued]>
[2026-03-21T15:40:02.772+0000] {taskinstance.py:2073} INFO - Dependencies all met for dep_context=requeueable deps ti=<TaskInstance: isr_pipeline.parse_competition manual__2026-03-21T14:33:32.851998+00:00 map_index=6 [queued]>
[2026-03-21T15:40:02.773+0000] {taskinstance.py:2303} INFO - Starting attempt 1 of 4
[2026-03-21T15:40:02.827+0000] {taskinstance.py:2327} INFO - Executing <Mapped(_PythonDecoratedOperator): parse_competition> on 2026-03-21 14:33:32.851998+00:00
[2026-03-21T15:40:02.848+0000] {standard_task_runner.py:90} INFO - Running: ['***', 'tasks', 'run', 'isr_pipeline', 'parse_competition', 'manual__2026-03-21T14:33:32.851998+00:00', '--job-id', '78', '--raw', '--subdir', 'DAGS_FOLDER/isr_pipeline.py', '--cfg-path', '/tmp/tmp8lxu2awo', '--map-index', '6']
[2026-03-21T15:40:02.851+0000] {standard_task_runner.py:91} INFO - Job 78: Subtask parse_competition
[2026-03-21T15:40:02.861+0000] {logging_mixin.py:188} WARNING - /home/***/.local/lib/python3.12/site-packages/***/task/task_runner/standard_task_runner.py:61 DeprecationWarning: This process (pid=1659) is multi-threaded, use of fork() may lead to deadlocks in the child.
[2026-03-21T15:40:02.869+0000] {standard_task_runner.py:63} INFO - Started process 1667 to run task
[2026-03-21T15:40:03.039+0000] {task_command.py:426} INFO - Running <TaskInstance: isr_pipeline.parse_competition manual__2026-03-21T14:33:32.851998+00:00 map_index=6 [running]> on host 2f5621df97c4
[2026-03-21T15:40:03.454+0000] {taskinstance.py:2644} INFO - Exporting env vars: AIRFLOW_CTX_DAG_OWNER='***' AIRFLOW_CTX_DAG_ID='isr_pipeline' AIRFLOW_CTX_TASK_ID='parse_competition' AIRFLOW_CTX_EXECUTION_DATE='2026-03-21T14:33:32.851998+00:00' AIRFLOW_CTX_TRY_NUMBER='1' AIRFLOW_CTX_DAG_RUN_ID='manual__2026-03-21T14:33:32.851998+00:00'
[2026-03-21T15:40:03.456+0000] {taskinstance.py:430} INFO - ::endgroup::
[2026-03-21T15:40:04.374+0000] {isr_pipeline.py:107} INFO - parse_competition: starting Maccabiah Masters (isr=247)
[2026-03-21T15:40:06.324+0000] {parser.py:95} INFO -   Loading session: https://loglig.com:2053/LeagueTable/AthleticsDisciplines/7009
[2026-03-21T15:40:20.962+0000] {parser.py:100} WARNING -   No results table for Maccabiah Masters
[2026-03-21T15:40:23.907+0000] {isr_pipeline.py:115} INFO -   parsed: races=0 ind=0 relay=0 swimmers=0
[2026-03-21T15:40:23.921+0000] {taskinstance.py:441} INFO - ::group::Post task execution logs
[2026-03-21T15:40:23.924+0000] {taskinstance.py:2890} ERROR - Task failed with exception
Traceback (most recent call last):
  File "/home/airflow/.local/lib/python3.12/site-packages/airflow/models/taskinstance.py", line 460, in _execute_task
    result = _execute_callable(context=context, **execute_callable_kwargs)
             ^^^^^^^^^^^^^^^^^^^^^^^^^^^^^^^^^^^^^^^^^^^^^^^^^^^^^^^^^^^^^
  File "/home/airflow/.local/lib/python3.12/site-packages/airflow/models/taskinstance.py", line 432, in _execute_callable
    return execute_callable(context=context, **execute_callable_kwargs)
           ^^^^^^^^^^^^^^^^^^^^^^^^^^^^^^^^^^^^^^^^^^^^^^^^^^^^^^^^^^^^
  File "/home/airflow/.local/lib/python3.12/site-packages/airflow/models/baseoperator.py", line 400, in wrapper
    return func(self, *args, **kwargs)
           ^^^^^^^^^^^^^^^^^^^^^^^^^^^
  File "/home/airflow/.local/lib/python3.12/site-packages/airflow/decorators/base.py", line 265, in execute
    return_value = super().execute(context)
                   ^^^^^^^^^^^^^^^^^^^^^^^^
  File "/home/airflow/.local/lib/python3.12/site-packages/airflow/models/baseoperator.py", line 400, in wrapper
    return func(self, *args, **kwargs)
           ^^^^^^^^^^^^^^^^^^^^^^^^^^^
  File "/home/airflow/.local/lib/python3.12/site-packages/airflow/operators/python.py", line 235, in execute
    return_value = self.execute_callable()
                   ^^^^^^^^^^^^^^^^^^^^^^^
  File "/home/airflow/.local/lib/python3.12/site-packages/airflow/operators/python.py", line 252, in execute_callable
    return self.python_callable(*self.op_args, **self.op_kwargs)
           ^^^^^^^^^^^^^^^^^^^^^^^^^^^^^^^^^^^^^^^^^^^^^^^^^^^^^
  File "/opt/airflow/dags/isr_pipeline.py", line 123, in parse_competition
    raise ValueError(f'{comp.isr_id}: 0 scores scraped — will retry')
ValueError: 247: 0 scores scraped — will retry
[2026-03-21T15:40:24.023+0000] {taskinstance.py:1205} INFO - Marking task as UP_FOR_RETRY. dag_id=isr_pipeline, task_id=parse_competition, map_index=6, execution_date=20260321T143332, start_date=20260321T154002, end_date=20260321T154024
[2026-03-21T15:40:24.130+0000] {standard_task_runner.py:110} ERROR - Failed to execute job 78 for task parse_competition (247: 0 scores scraped — will retry; 1667)
[2026-03-21T15:40:24.194+0000] {local_task_job_runner.py:240} INFO - Task exited with return code 1
[2026-03-21T15:40:24.433+0000] {taskinstance.py:3482} INFO - 0 downstream tasks scheduled from follow-on schedule check
[2026-03-21T15:40:24.443+0000] {local_task_job_runner.py:222} INFO - ::endgroup::
