[2026-03-21T14:33:35.933+0000] {local_task_job_runner.py:120} INFO - ::group::Pre task execution logs
[2026-03-21T14:33:36.096+0000] {taskinstance.py:2073} INFO - Dependencies all met for dep_context=non-requeueable deps ti=<TaskInstance: isr_pipeline.parse_competition scheduled__2026-03-20T06:00:00+00:00 map_index=14 [queued]>
[2026-03-21T14:33:36.141+0000] {taskinstance.py:2073} INFO - Dependencies all met for dep_context=requeueable deps ti=<TaskInstance: isr_pipeline.parse_competition scheduled__2026-03-20T06:00:00+00:00 map_index=14 [queued]>
[2026-03-21T14:33:36.142+0000] {taskinstance.py:2303} INFO - Starting attempt 1 of 4
[2026-03-21T14:33:36.195+0000] {taskinstance.py:2327} INFO - Executing <Mapped(_PythonDecoratedOperator): parse_competition> on 2026-03-20 06:00:00+00:00
[2026-03-21T14:33:36.211+0000] {standard_task_runner.py:90} INFO - Running: ['***', 'tasks', 'run', 'isr_pipeline', 'parse_competition', 'scheduled__2026-03-20T06:00:00+00:00', '--job-id', '17', '--raw', '--subdir', 'DAGS_FOLDER/isr_pipeline.py', '--cfg-path', '/tmp/tmpl_75x2v7', '--map-index', '14']
[2026-03-21T14:33:36.214+0000] {standard_task_runner.py:91} INFO - Job 17: Subtask parse_competition
[2026-03-21T14:33:36.239+0000] {logging_mixin.py:188} WARNING - /home/***/.local/lib/python3.12/site-packages/***/task/task_runner/standard_task_runner.py:61 DeprecationWarning: This process (pid=376) is multi-threaded, use of fork() may lead to deadlocks in the child.
[2026-03-21T14:33:36.253+0000] {standard_task_runner.py:63} INFO - Started process 400 to run task
[2026-03-21T14:33:36.624+0000] {task_command.py:426} INFO - Running <TaskInstance: isr_pipeline.parse_competition scheduled__2026-03-20T06:00:00+00:00 map_index=14 [running]> on host cd5c448f6389
[2026-03-21T14:33:37.122+0000] {taskinstance.py:2644} INFO - Exporting env vars: AIRFLOW_CTX_DAG_OWNER='***' AIRFLOW_CTX_DAG_ID='isr_pipeline' AIRFLOW_CTX_TASK_ID='parse_competition' AIRFLOW_CTX_EXECUTION_DATE='2026-03-20T06:00:00+00:00' AIRFLOW_CTX_TRY_NUMBER='1' AIRFLOW_CTX_DAG_RUN_ID='scheduled__2026-03-20T06:00:00+00:00'
[2026-03-21T14:33:37.130+0000] {taskinstance.py:430} INFO - ::endgroup::
[2026-03-21T14:33:37.456+0000] {taskinstance.py:441} INFO - ::group::Post task execution logs
[2026-03-21T14:33:37.459+0000] {taskinstance.py:2890} ERROR - Task failed with exception
Traceback (most recent call last):
  File "/home/airflow/.local/lib/python3.12/site-packages/airflow/models/taskinstance.py", line 460, in _execute_task
    result = _execute_callable(context=context, **execute_callable_kwargs)
             ^^^^^^^^^^^^^^^^^^^^^^^^^^^^^^^^^^^^^^^^^^^^^^^^^^^^^^^^^^^^^
  File "/home/airflow/.local/lib/python3.12/site-packages/airflow/models/taskinstance.py", line 432, in _execute_callable
    return execute_callable(context=context, **execute_callable_kwargs)
           ^^^^^^^^^^^^^^^^^^^^^^^^^^^^^^^^^^^^^^^^^^^^^^^^^^^^^^^^^^^^
  File "/home/airflow/.local/lib/python3.12/site-packages/airflow/models/baseoperator.py", line 400, in wrapper
    return func(self, *args, **kwargs)
           ^^^^^^^^^^^^^^^^^^^^^^^^^^^
  File "/home/airflow/.local/lib/python3.12/site-packages/airflow/decorators/base.py", line 265, in execute
    return_value = super().execute(context)
                   ^^^^^^^^^^^^^^^^^^^^^^^^
  File "/home/airflow/.local/lib/python3.12/site-packages/airflow/models/baseoperator.py", line 400, in wrapper
    return func(self, *args, **kwargs)
           ^^^^^^^^^^^^^^^^^^^^^^^^^^^
  File "/home/airflow/.local/lib/python3.12/site-packages/airflow/operators/python.py", line 235, in execute
    return_value = self.execute_callable()
                   ^^^^^^^^^^^^^^^^^^^^^^^
  File "/home/airflow/.local/lib/python3.12/site-packages/airflow/operators/python.py", line 252, in execute_callable
    return self.python_callable(*self.op_args, **self.op_kwargs)
           ^^^^^^^^^^^^^^^^^^^^^^^^^^^^^^^^^^^^^^^^^^^^^^^^^^^^^
  File "/opt/airflow/dags/isr_pipeline.py", line 96, in parse_competition
    from playwright.sync_api import sync_playwright
ModuleNotFoundError: No module named 'playwright'
[2026-03-21T14:33:37.494+0000] {taskinstance.py:1205} INFO - Marking task as UP_FOR_RETRY. dag_id=isr_pipeline, task_id=parse_competition, map_index=14, execution_date=20260320T060000, start_date=20260321T143336, end_date=20260321T143337
[2026-03-21T14:33:37.522+0000] {standard_task_runner.py:110} ERROR - Failed to execute job 17 for task parse_competition (No module named 'playwright'; 400)
[2026-03-21T14:33:37.578+0000] {local_task_job_runner.py:240} INFO - Task exited with return code 1
[2026-03-21T14:33:37.662+0000] {taskinstance.py:3482} INFO - 0 downstream tasks scheduled from follow-on schedule check
[2026-03-21T14:33:37.669+0000] {local_task_job_runner.py:222} INFO - ::endgroup::
