[2026-03-26T12:10:26.200+0000] {local_task_job_runner.py:120} INFO - ::group::Pre task execution logs
[2026-03-26T12:10:26.284+0000] {taskinstance.py:2073} INFO - Dependencies all met for dep_context=non-requeueable deps ti=<TaskInstance: isr_pipeline.parse_competition manual__2026-03-21T14:33:32.851998+00:00 map_index=13 [queued]>
[2026-03-26T12:10:26.300+0000] {taskinstance.py:2073} INFO - Dependencies all met for dep_context=requeueable deps ti=<TaskInstance: isr_pipeline.parse_competition manual__2026-03-21T14:33:32.851998+00:00 map_index=13 [queued]>
[2026-03-26T12:10:26.303+0000] {taskinstance.py:2303} INFO - Starting attempt 2 of 4
[2026-03-26T12:10:26.351+0000] {taskinstance.py:2327} INFO - Executing <Mapped(_PythonDecoratedOperator): parse_competition> on 2026-03-21 14:33:32.851998+00:00
[2026-03-26T12:10:26.363+0000] {standard_task_runner.py:90} INFO - Running: ['***', 'tasks', 'run', 'isr_pipeline', 'parse_competition', 'manual__2026-03-21T14:33:32.851998+00:00', '--job-id', '98', '--raw', '--subdir', 'DAGS_FOLDER/isr_pipeline.py', '--cfg-path', '/tmp/tmp7arf03oo', '--map-index', '13']
[2026-03-26T12:10:26.371+0000] {standard_task_runner.py:91} INFO - Job 98: Subtask parse_competition
[2026-03-26T12:10:26.375+0000] {logging_mixin.py:188} WARNING - /home/***/.local/lib/python3.12/site-packages/***/task/task_runner/standard_task_runner.py:61 DeprecationWarning: This process (pid=175) is multi-threaded, use of fork() may lead to deadlocks in the child.
[2026-03-26T12:10:26.377+0000] {standard_task_runner.py:63} INFO - Started process 186 to run task
[2026-03-26T12:10:26.619+0000] {task_command.py:426} INFO - Running <TaskInstance: isr_pipeline.parse_competition manual__2026-03-21T14:33:32.851998+00:00 map_index=13 [running]> on host 2f5621df97c4
[2026-03-26T12:10:26.882+0000] {taskinstance.py:2644} INFO - Exporting env vars: AIRFLOW_CTX_DAG_OWNER='***' AIRFLOW_CTX_DAG_ID='isr_pipeline' AIRFLOW_CTX_TASK_ID='parse_competition' AIRFLOW_CTX_EXECUTION_DATE='2026-03-21T14:33:32.851998+00:00' AIRFLOW_CTX_TRY_NUMBER='2' AIRFLOW_CTX_DAG_RUN_ID='manual__2026-03-21T14:33:32.851998+00:00'
[2026-03-26T12:10:26.884+0000] {taskinstance.py:430} INFO - ::endgroup::
[2026-03-26T12:10:27.972+0000] {isr_pipeline.py:107} INFO - parse_competition: starting ×××× ×××¡××¨×× ××××¡×× (isr=16759)
[2026-03-26T12:10:29.992+0000] {parser.py:95} INFO -   Loading session: https://loglig.com:2053/LeagueTable/AthleticsDisciplines/13763
[2026-03-26T12:10:37.727+0000] {parser.py:146} INFO -     Race 1: 100m IM F  — 16 results, 0 with splits
[2026-03-26T12:10:43.543+0000] {parser.py:146} INFO -     Race 2: 100m IM M  — 14 results, 0 with splits
[2026-03-26T12:10:48.002+0000] {parser.py:146} INFO -     Race 3: 50m FREE F  — 16 results, 0 with splits
[2026-03-26T12:10:52.885+0000] {parser.py:146} INFO -     Race 4: 50m FREE M  — 20 results, 0 with splits
[2026-03-26T12:10:56.657+0000] {parser.py:146} INFO -     Race 5: 100m BREAST F  — 4 results, 0 with splits
[2026-03-26T12:11:00.591+0000] {parser.py:146} INFO -     Race 6: 100m BREAST M  — 7 results, 0 with splits
[2026-03-26T12:11:03.521+0000] {parser.py:146} INFO -     Race 7: 200m FREE F  — 2 results, 0 with splits
[2026-03-26T12:11:07.273+0000] {parser.py:146} INFO -     Race 8: 200m FREE M  — 4 results, 0 with splits
[2026-03-26T12:11:11.807+0000] {parser.py:146} INFO -     Race 9: 50m FLY F  — 11 results, 0 with splits
[2026-03-26T12:11:15.688+0000] {parser.py:146} INFO -     Race 10: 50m FLY M  — 11 results, 0 with splits
[2026-03-26T12:11:19.711+0000] {parser.py:146} INFO -     Race 11: 100m BACK F  — 4 results, 0 with splits
[2026-03-26T12:11:23.503+0000] {parser.py:146} INFO -     Race 12: 100m BACK M  — 5 results, 0 with splits
[2026-03-26T12:11:27.273+0000] {parser.py:146} INFO -     Race 13: 50m BREAST F  — 8 results, 0 with splits
[2026-03-26T12:11:31.037+0000] {parser.py:146} INFO -     Race 14: 50m BREAST M  — 6 results, 0 with splits
[2026-03-26T12:11:34.373+0000] {parser.py:146} INFO -     Race 15: 100m FREE F  — 5 results, 0 with splits
[2026-03-26T12:11:38.492+0000] {parser.py:146} INFO -     Race 16: 100m FREE M  — 13 results, 0 with splits
[2026-03-26T12:11:40.767+0000] {parser.py:146} INFO -     Race 17: 200m BACK F  — 1 results, 0 with splits
[2026-03-26T12:11:44.006+0000] {parser.py:146} INFO -     Race 18: 200m BACK M  — 2 results, 0 with splits
[2026-03-26T12:11:44.647+0000] {parser.py:138} WARNING -     Race 19: 0 HTML rows
[2026-03-26T12:11:47.795+0000] {parser.py:146} INFO -     Race 20: 400m FREE M  — 2 results, 0 with splits
[2026-03-26T12:11:47.848+0000] {isr_pipeline.py:115} INFO -   parsed: races=20 ind=151 relay=0 swimmers=92
[2026-03-26T12:11:47.872+0000] {storage.py:45} INFO -   Saved: ×××× ×××¡××¨×× ××××¡××  (20 races, 151 ind, 0 relay, 92 swimmers)
[2026-03-26T12:11:47.873+0000] {isr_pipeline.py:127} INFO -   files saved
[2026-03-26T12:11:48.018+0000] {document_writer.py:64} INFO -   wrote: 16 clubs  92 swimmers  20 events  151 results  0 relay results
[2026-03-26T12:11:48.021+0000] {isr_pipeline.py:131} INFO -   DB write complete
[2026-03-26T12:11:48.023+0000] {python.py:237} INFO - Done. Returned value was: 16759
[2026-03-26T12:11:48.024+0000] {taskinstance.py:441} INFO - ::group::Post task execution logs
[2026-03-26T12:11:48.058+0000] {taskinstance.py:1205} INFO - Marking task as SUCCESS. dag_id=isr_pipeline, task_id=parse_competition, map_index=13, execution_date=20260321T143332, start_date=20260326T121026, end_date=20260326T121148
[2026-03-26T12:11:48.120+0000] {local_task_job_runner.py:240} INFO - Task exited with return code 0
[2026-03-26T12:11:48.141+0000] {taskinstance.py:3482} INFO - 0 downstream tasks scheduled from follow-on schedule check
[2026-03-26T12:11:48.143+0000] {local_task_job_runner.py:222} INFO - ::endgroup::
