[2026-03-21T14:42:41.216+0000] {local_task_job_runner.py:120} INFO - ::group::Pre task execution logs
[2026-03-21T14:42:41.373+0000] {taskinstance.py:2073} INFO - Dependencies all met for dep_context=non-requeueable deps ti=<TaskInstance: isr_pipeline.parse_competition scheduled__2026-03-20T06:00:00+00:00 map_index=0 [queued]>
[2026-03-21T14:42:41.418+0000] {taskinstance.py:2073} INFO - Dependencies all met for dep_context=requeueable deps ti=<TaskInstance: isr_pipeline.parse_competition scheduled__2026-03-20T06:00:00+00:00 map_index=0 [queued]>
[2026-03-21T14:42:41.419+0000] {taskinstance.py:2303} INFO - Starting attempt 2 of 4
[2026-03-21T14:42:41.467+0000] {taskinstance.py:2327} INFO - Executing <Mapped(_PythonDecoratedOperator): parse_competition> on 2026-03-20 06:00:00+00:00
[2026-03-21T14:42:41.503+0000] {logging_mixin.py:188} WARNING - /home/***/.local/lib/python3.12/site-packages/***/task/task_runner/standard_task_runner.py:61 DeprecationWarning: This process (pid=523) is multi-threaded, use of fork() may lead to deadlocks in the child.
[2026-03-21T14:42:41.509+0000] {standard_task_runner.py:63} INFO - Started process 534 to run task
[2026-03-21T14:42:41.555+0000] {standard_task_runner.py:90} INFO - Running: ['***', 'tasks', 'run', 'isr_pipeline', 'parse_competition', 'scheduled__2026-03-20T06:00:00+00:00', '--job-id', '29', '--raw', '--subdir', 'DAGS_FOLDER/isr_pipeline.py', '--cfg-path', '/tmp/tmpgfdcxbgw', '--map-index', '0']
[2026-03-21T14:42:41.566+0000] {standard_task_runner.py:91} INFO - Job 29: Subtask parse_competition
[2026-03-21T14:42:42.010+0000] {task_command.py:426} INFO - Running <TaskInstance: isr_pipeline.parse_competition scheduled__2026-03-20T06:00:00+00:00 map_index=0 [running]> on host cd5c448f6389
[2026-03-21T14:42:42.619+0000] {taskinstance.py:2644} INFO - Exporting env vars: AIRFLOW_CTX_DAG_OWNER='***' AIRFLOW_CTX_DAG_ID='isr_pipeline' AIRFLOW_CTX_TASK_ID='parse_competition' AIRFLOW_CTX_EXECUTION_DATE='2026-03-20T06:00:00+00:00' AIRFLOW_CTX_TRY_NUMBER='2' AIRFLOW_CTX_DAG_RUN_ID='scheduled__2026-03-20T06:00:00+00:00'
[2026-03-21T14:42:42.624+0000] {taskinstance.py:430} INFO - ::endgroup::
[2026-03-21T14:42:43.032+0000] {taskinstance.py:441} INFO - ::group::Post task execution logs
[2026-03-21T14:42:43.034+0000] {taskinstance.py:2890} ERROR - Task failed with exception
Traceback (most recent call last):
  File "/home/airflow/.local/lib/python3.12/site-packages/airflow/models/taskinstance.py", line 460, in _execute_task
    result = _execute_callable(context=context, **execute_callable_kwargs)
             ^^^^^^^^^^^^^^^^^^^^^^^^^^^^^^^^^^^^^^^^^^^^^^^^^^^^^^^^^^^^^
  File "/home/airflow/.local/lib/python3.12/site-packages/airflow/models/taskinstance.py", line 432, in _execute_callable
    return execute_callable(context=context, **execute_callable_kwargs)
           ^^^^^^^^^^^^^^^^^^^^^^^^^^^^^^^^^^^^^^^^^^^^^^^^^^^^^^^^^^^^
  File "/home/airflow/.local/lib/python3.12/site-packages/airflow/models/baseoperator.py", line 400, in wrapper
    return func(self, *args, **kwargs)
           ^^^^^^^^^^^^^^^^^^^^^^^^^^^
  File "/home/airflow/.local/lib/python3.12/site-packages/airflow/decorators/base.py", line 265, in execute
    return_value = super().execute(context)
                   ^^^^^^^^^^^^^^^^^^^^^^^^
  File "/home/airflow/.local/lib/python3.12/site-packages/airflow/models/baseoperator.py", line 400, in wrapper
    return func(self, *args, **kwargs)
           ^^^^^^^^^^^^^^^^^^^^^^^^^^^
  File "/home/airflow/.local/lib/python3.12/site-packages/airflow/operators/python.py", line 235, in execute
    return_value = self.execute_callable()
                   ^^^^^^^^^^^^^^^^^^^^^^^
  File "/home/airflow/.local/lib/python3.12/site-packages/airflow/operators/python.py", line 252, in execute_callable
    return self.python_callable(*self.op_args, **self.op_kwargs)
           ^^^^^^^^^^^^^^^^^^^^^^^^^^^^^^^^^^^^^^^^^^^^^^^^^^^^^
  File "/opt/airflow/dags/isr_pipeline.py", line 96, in parse_competition
    from playwright.sync_api import sync_playwright
ModuleNotFoundError: No module named 'playwright'
[2026-03-21T14:42:43.086+0000] {taskinstance.py:1205} INFO - Marking task as UP_FOR_RETRY. dag_id=isr_pipeline, task_id=parse_competition, map_index=0, execution_date=20260320T060000, start_date=20260321T144241, end_date=20260321T144243
[2026-03-21T14:42:43.156+0000] {standard_task_runner.py:110} ERROR - Failed to execute job 29 for task parse_competition (No module named 'playwright'; 534)
[2026-03-21T14:42:43.202+0000] {local_task_job_runner.py:240} INFO - Task exited with return code 1
[2026-03-21T14:42:43.294+0000] {taskinstance.py:3482} INFO - 0 downstream tasks scheduled from follow-on schedule check
[2026-03-21T14:42:43.297+0000] {local_task_job_runner.py:222} INFO - ::endgroup::
