[2026-03-26T12:10:26.139+0000] {local_task_job_runner.py:120} INFO - ::group::Pre task execution logs
[2026-03-26T12:10:26.257+0000] {taskinstance.py:2073} INFO - Dependencies all met for dep_context=non-requeueable deps ti=<TaskInstance: isr_pipeline.parse_competition manual__2026-03-21T14:33:32.851998+00:00 map_index=2 [queued]>
[2026-03-26T12:10:26.280+0000] {taskinstance.py:2073} INFO - Dependencies all met for dep_context=requeueable deps ti=<TaskInstance: isr_pipeline.parse_competition manual__2026-03-21T14:33:32.851998+00:00 map_index=2 [queued]>
[2026-03-26T12:10:26.283+0000] {taskinstance.py:2303} INFO - Starting attempt 2 of 4
[2026-03-26T12:10:26.313+0000] {taskinstance.py:2327} INFO - Executing <Mapped(_PythonDecoratedOperator): parse_competition> on 2026-03-21 14:33:32.851998+00:00
[2026-03-26T12:10:26.338+0000] {logging_mixin.py:188} WARNING - /home/***/.local/lib/python3.12/site-packages/***/task/task_runner/standard_task_runner.py:61 DeprecationWarning: This process (pid=168) is multi-threaded, use of fork() may lead to deadlocks in the child.
[2026-03-26T12:10:26.342+0000] {standard_task_runner.py:90} INFO - Running: ['***', 'tasks', 'run', 'isr_pipeline', 'parse_competition', 'manual__2026-03-21T14:33:32.851998+00:00', '--job-id', '92', '--raw', '--subdir', 'DAGS_FOLDER/isr_pipeline.py', '--cfg-path', '/tmp/tmpax_ktqpn', '--map-index', '2']
[2026-03-26T12:10:26.346+0000] {standard_task_runner.py:63} INFO - Started process 183 to run task
[2026-03-26T12:10:26.356+0000] {standard_task_runner.py:91} INFO - Job 92: Subtask parse_competition
[2026-03-26T12:10:26.560+0000] {task_command.py:426} INFO - Running <TaskInstance: isr_pipeline.parse_competition manual__2026-03-21T14:33:32.851998+00:00 map_index=2 [running]> on host 2f5621df97c4
[2026-03-26T12:10:26.830+0000] {taskinstance.py:2644} INFO - Exporting env vars: AIRFLOW_CTX_DAG_OWNER='***' AIRFLOW_CTX_DAG_ID='isr_pipeline' AIRFLOW_CTX_TASK_ID='parse_competition' AIRFLOW_CTX_EXECUTION_DATE='2026-03-21T14:33:32.851998+00:00' AIRFLOW_CTX_TRY_NUMBER='2' AIRFLOW_CTX_DAG_RUN_ID='manual__2026-03-21T14:33:32.851998+00:00'
[2026-03-26T12:10:26.834+0000] {taskinstance.py:430} INFO - ::endgroup::
[2026-03-26T12:10:27.997+0000] {isr_pipeline.py:107} INFO - parse_competition: starting ×××× ××××¡××¨×¡ - TLV × ×××¡ (isr=192)
[2026-03-26T12:10:29.989+0000] {parser.py:95} INFO -   Loading session: https://loglig.com:2053/LeagueTable/AthleticsDisciplines/6286
[2026-03-26T12:10:36.991+0000] {parser.py:146} INFO -     Race 1: 50m BREAST F  — 5 results, 0 with splits
[2026-03-26T12:10:43.887+0000] {parser.py:146} INFO -     Race 2: 50m BREAST M  — 26 results, 0 with splits
[2026-03-26T12:10:46.778+0000] {parser.py:146} INFO -     Race 3: 100m BACK F  — 2 results, 0 with splits
[2026-03-26T12:10:53.842+0000] {parser.py:146} INFO -     Race 4: 100m BACK M  — 19 results, 0 with splits
[2026-03-26T12:10:57.824+0000] {parser.py:146} INFO -     Race 5: 50m FLY F  — 5 results, 0 with splits
[2026-03-26T12:11:04.990+0000] {parser.py:146} INFO -     Race 6: 50m FLY M  — 22 results, 0 with splits
[2026-03-26T12:11:09.542+0000] {parser.py:146} INFO -     Race 7: 100m FREE F  — 8 results, 0 with splits
[2026-03-26T12:11:16.439+0000] {parser.py:146} INFO -     Race 8: 100m FREE M  — 28 results, 0 with splits
[2026-03-26T12:11:19.636+0000] {parser.py:146} INFO -     Race 9: 200m IM F  — 2 results, 0 with splits
[2026-03-26T12:11:25.047+0000] {parser.py:146} INFO -     Race 10: 200m IM M  — 13 results, 0 with splits
[2026-03-26T12:11:25.120+0000] {isr_pipeline.py:115} INFO -   parsed: races=10 ind=130 relay=0 swimmers=72
[2026-03-26T12:11:25.142+0000] {storage.py:45} INFO -   Saved: ×××× ××××¡××¨×¡ - TLV × ×××¡  (10 races, 130 ind, 0 relay, 72 swimmers)
[2026-03-26T12:11:25.143+0000] {isr_pipeline.py:127} INFO -   files saved
[2026-03-26T12:11:25.313+0000] {document_writer.py:64} INFO -   wrote: 13 clubs  72 swimmers  10 events  130 results  0 relay results
[2026-03-26T12:11:25.315+0000] {isr_pipeline.py:131} INFO -   DB write complete
[2026-03-26T12:11:25.318+0000] {python.py:237} INFO - Done. Returned value was: 192
[2026-03-26T12:11:25.319+0000] {taskinstance.py:441} INFO - ::group::Post task execution logs
[2026-03-26T12:11:25.349+0000] {taskinstance.py:1205} INFO - Marking task as SUCCESS. dag_id=isr_pipeline, task_id=parse_competition, map_index=2, execution_date=20260321T143332, start_date=20260326T121026, end_date=20260326T121125
[2026-03-26T12:11:25.402+0000] {local_task_job_runner.py:240} INFO - Task exited with return code 0
[2026-03-26T12:11:25.422+0000] {taskinstance.py:3482} INFO - 0 downstream tasks scheduled from follow-on schedule check
[2026-03-26T12:11:25.424+0000] {local_task_job_runner.py:222} INFO - ::endgroup::
