[2026-03-21T15:40:02.873+0000] {local_task_job_runner.py:120} INFO - ::group::Pre task execution logs
[2026-03-21T15:40:03.018+0000] {taskinstance.py:2073} INFO - Dependencies all met for dep_context=non-requeueable deps ti=<TaskInstance: isr_pipeline.parse_competition manual__2026-03-21T14:33:32.851998+00:00 map_index=3 [queued]>
[2026-03-21T15:40:03.068+0000] {taskinstance.py:2073} INFO - Dependencies all met for dep_context=requeueable deps ti=<TaskInstance: isr_pipeline.parse_competition manual__2026-03-21T14:33:32.851998+00:00 map_index=3 [queued]>
[2026-03-21T15:40:03.075+0000] {taskinstance.py:2303} INFO - Starting attempt 1 of 4
[2026-03-21T15:40:03.140+0000] {taskinstance.py:2327} INFO - Executing <Mapped(_PythonDecoratedOperator): parse_competition> on 2026-03-21 14:33:32.851998+00:00
[2026-03-21T15:40:03.155+0000] {standard_task_runner.py:90} INFO - Running: ['***', 'tasks', 'run', 'isr_pipeline', 'parse_competition', 'manual__2026-03-21T14:33:32.851998+00:00', '--job-id', '88', '--raw', '--subdir', 'DAGS_FOLDER/isr_pipeline.py', '--cfg-path', '/tmp/tmpu3y8092k', '--map-index', '3']
[2026-03-21T15:40:03.158+0000] {standard_task_runner.py:91} INFO - Job 88: Subtask parse_competition
[2026-03-21T15:40:03.171+0000] {logging_mixin.py:188} WARNING - /home/***/.local/lib/python3.12/site-packages/***/task/task_runner/standard_task_runner.py:61 DeprecationWarning: This process (pid=1664) is multi-threaded, use of fork() may lead to deadlocks in the child.
[2026-03-21T15:40:03.175+0000] {standard_task_runner.py:63} INFO - Started process 1677 to run task
[2026-03-21T15:40:03.339+0000] {task_command.py:426} INFO - Running <TaskInstance: isr_pipeline.parse_competition manual__2026-03-21T14:33:32.851998+00:00 map_index=3 [running]> on host 2f5621df97c4
[2026-03-21T15:40:03.702+0000] {taskinstance.py:2644} INFO - Exporting env vars: AIRFLOW_CTX_DAG_OWNER='***' AIRFLOW_CTX_DAG_ID='isr_pipeline' AIRFLOW_CTX_TASK_ID='parse_competition' AIRFLOW_CTX_EXECUTION_DATE='2026-03-21T14:33:32.851998+00:00' AIRFLOW_CTX_TRY_NUMBER='1' AIRFLOW_CTX_DAG_RUN_ID='manual__2026-03-21T14:33:32.851998+00:00'
[2026-03-21T15:40:03.704+0000] {taskinstance.py:430} INFO - ::endgroup::
[2026-03-21T15:40:04.754+0000] {isr_pipeline.py:107} INFO - parse_competition: starting ××××¤××ª ××©×¨×× arena ××××¡××¨×¡ (isr=169)
[2026-03-21T15:40:07.321+0000] {parser.py:95} INFO -   Loading session: https://loglig.com:2053/LeagueTable/AthleticsDisciplines/6376
[2026-03-21T15:40:33.739+0000] {parser.py:146} INFO -     Race 1: 50m FREE F  — 50 results, 0 with splits
[2026-03-21T15:40:45.761+0000] {parser.py:146} INFO -     Race 2: 50m FREE M  — 123 results, 0 with splits
[2026-03-21T15:41:19.799+0000] {parser.py:146} INFO -     Race 3: 100m FLY F  — 24 results, 20 with splits
[2026-03-21T15:42:11.526+0000] {parser.py:146} INFO -     Race 4: 100m FLY M  — 43 results, 40 with splits
[2026-03-21T15:52:40.100+0000] {parser.py:146} INFO -     Race 5: 200m BACK F  — 23 results, 19 with splits
[2026-03-21T15:52:40.972+0000] {local_task_job_runner.py:310} WARNING - State of this instance has been externally set to None. Terminating instance.
[2026-03-21T15:52:40.979+0000] {local_task_job_runner.py:222} INFO - ::endgroup::
[2026-03-21T15:52:40.990+0000] {process_utils.py:132} INFO - Sending 15 to group 1677. PIDs of all processes in the group: [1768, 2420, 2450, 2451, 2513, 2529, 2512, 1677]
[2026-03-21T15:52:40.993+0000] {process_utils.py:87} INFO - Sending the signal 15 to group 1677
[2026-03-21T15:52:40.996+0000] {taskinstance.py:2607} ERROR - Received SIGTERM. Terminating subprocesses.
[2026-03-21T15:52:41.051+0000] {process_utils.py:80} INFO - Process psutil.Process(pid=2512, status='terminated', started='15:40:06') (2512) terminated with exit code None
[2026-03-21T15:52:41.155+0000] {process_utils.py:80} INFO - Process psutil.Process(pid=2529, status='terminated', started='15:40:06') (2529) terminated with exit code None
[2026-03-21T15:52:41.161+0000] {process_utils.py:80} INFO - Process psutil.Process(pid=2513, status='terminated', started='15:40:06') (2513) terminated with exit code None
[2026-03-21T15:52:41.167+0000] {process_utils.py:80} INFO - Process psutil.Process(pid=2451, status='terminated', started='15:40:06') (2451) terminated with exit code None
[2026-03-21T15:52:41.170+0000] {process_utils.py:80} INFO - Process psutil.Process(pid=2420, status='terminated', started='15:40:06') (2420) terminated with exit code None
[2026-03-21T15:52:41.192+0000] {process_utils.py:80} INFO - Process psutil.Process(pid=2450, status='terminated', started='15:40:06') (2450) terminated with exit code None
[2026-03-21T15:52:41.315+0000] {taskinstance.py:441} INFO - ::group::Post task execution logs
[2026-03-21T15:52:41.308+0000] {process_utils.py:80} INFO - Process psutil.Process(pid=1768, status='terminated', started='15:40:04') (1768) terminated with exit code None
[2026-03-21T15:52:41.394+0000] {taskinstance.py:2890} ERROR - Task failed with exception
Traceback (most recent call last):
  File "/home/airflow/.local/lib/python3.12/site-packages/airflow/models/taskinstance.py", line 460, in _execute_task
    result = _execute_callable(context=context, **execute_callable_kwargs)
             ^^^^^^^^^^^^^^^^^^^^^^^^^^^^^^^^^^^^^^^^^^^^^^^^^^^^^^^^^^^^^
  File "/home/airflow/.local/lib/python3.12/site-packages/airflow/models/taskinstance.py", line 432, in _execute_callable
    return execute_callable(context=context, **execute_callable_kwargs)
           ^^^^^^^^^^^^^^^^^^^^^^^^^^^^^^^^^^^^^^^^^^^^^^^^^^^^^^^^^^^^
  File "/home/airflow/.local/lib/python3.12/site-packages/airflow/models/baseoperator.py", line 400, in wrapper
    return func(self, *args, **kwargs)
           ^^^^^^^^^^^^^^^^^^^^^^^^^^^
  File "/home/airflow/.local/lib/python3.12/site-packages/airflow/decorators/base.py", line 265, in execute
    return_value = super().execute(context)
                   ^^^^^^^^^^^^^^^^^^^^^^^^
  File "/home/airflow/.local/lib/python3.12/site-packages/airflow/models/baseoperator.py", line 400, in wrapper
    return func(self, *args, **kwargs)
           ^^^^^^^^^^^^^^^^^^^^^^^^^^^
  File "/home/airflow/.local/lib/python3.12/site-packages/airflow/operators/python.py", line 235, in execute
    return_value = self.execute_callable()
                   ^^^^^^^^^^^^^^^^^^^^^^^
  File "/home/airflow/.local/lib/python3.12/site-packages/airflow/operators/python.py", line 252, in execute_callable
    return self.python_callable(*self.op_args, **self.op_kwargs)
           ^^^^^^^^^^^^^^^^^^^^^^^^^^^^^^^^^^^^^^^^^^^^^^^^^^^^^
  File "/opt/airflow/dags/isr_pipeline.py", line 113, in parse_competition
    doc  = _parse(comp, registry, page)
           ^^^^^^^^^^^^^^^^^^^^^^^^^^^^
  File "/opt/airflow/project/parser.py", line 125, in parse_competition
    resp = _SESSION.get(html_url, timeout=15)
           ^^^^^^^^^^^^^^^^^^^^^^^^^^^^^^^^^^
  File "/home/airflow/.local/lib/python3.12/site-packages/requests/sessions.py", line 602, in get
    return self.request("GET", url, **kwargs)
           ^^^^^^^^^^^^^^^^^^^^^^^^^^^^^^^^^^
  File "/home/airflow/.local/lib/python3.12/site-packages/requests/sessions.py", line 589, in request
    resp = self.send(prep, **send_kwargs)
           ^^^^^^^^^^^^^^^^^^^^^^^^^^^^^^
  File "/home/airflow/.local/lib/python3.12/site-packages/requests/sessions.py", line 703, in send
    r = adapter.send(request, **kwargs)
        ^^^^^^^^^^^^^^^^^^^^^^^^^^^^^^^
  File "/home/airflow/.local/lib/python3.12/site-packages/requests/adapters.py", line 667, in send
    resp = conn.urlopen(
           ^^^^^^^^^^^^^
  File "/home/airflow/.local/lib/python3.12/site-packages/urllib3/connectionpool.py", line 715, in urlopen
    httplib_response = self._make_request(
                       ^^^^^^^^^^^^^^^^^^^
  File "/home/airflow/.local/lib/python3.12/site-packages/urllib3/connectionpool.py", line 467, in _make_request
    six.raise_from(e, None)
  File "<string>", line 3, in raise_from
  File "/home/airflow/.local/lib/python3.12/site-packages/urllib3/connectionpool.py", line 462, in _make_request
    httplib_response = conn.getresponse()
                       ^^^^^^^^^^^^^^^^^^
  File "/usr/local/lib/python3.12/http/client.py", line 1423, in getresponse
    response.begin()
  File "/usr/local/lib/python3.12/http/client.py", line 331, in begin
    version, status, reason = self._read_status()
                              ^^^^^^^^^^^^^^^^^^^
  File "/usr/local/lib/python3.12/http/client.py", line 292, in _read_status
    line = str(self.fp.readline(_MAXLINE + 1), "iso-8859-1")
               ^^^^^^^^^^^^^^^^^^^^^^^^^^^^^^
  File "/usr/local/lib/python3.12/socket.py", line 707, in readinto
    return self._sock.recv_into(b)
           ^^^^^^^^^^^^^^^^^^^^^^^
  File "/usr/local/lib/python3.12/ssl.py", line 1252, in recv_into
    return self.read(nbytes, buffer)
           ^^^^^^^^^^^^^^^^^^^^^^^^^
  File "/usr/local/lib/python3.12/ssl.py", line 1104, in read
    return self._sslobj.read(len, buffer)
           ^^^^^^^^^^^^^^^^^^^^^^^^^^^^^^
  File "/home/airflow/.local/lib/python3.12/site-packages/airflow/models/taskinstance.py", line 2609, in signal_handler
    raise AirflowTaskTerminated("Task received SIGTERM signal")
airflow.exceptions.AirflowTaskTerminated: Task received SIGTERM signal
[2026-03-21T15:52:41.415+0000] {taskinstance.py:1205} INFO - Marking task as UP_FOR_RETRY. dag_id=isr_pipeline, task_id=parse_competition, map_index=3, execution_date=20260321T143332, start_date=20260321T154003, end_date=20260321T155241
[2026-03-21T15:52:41.526+0000] {process_utils.py:80} INFO - Process psutil.Process(pid=1677, status='terminated', exitcode=2, started='15:40:02') (1677) terminated with exit code 2
