[2026-03-26T12:10:26.135+0000] {local_task_job_runner.py:120} INFO - ::group::Pre task execution logs
[2026-03-26T12:10:26.273+0000] {taskinstance.py:2073} INFO - Dependencies all met for dep_context=non-requeueable deps ti=<TaskInstance: isr_pipeline.parse_competition manual__2026-03-21T14:33:32.851998+00:00 map_index=3 [queued]>
[2026-03-26T12:10:26.300+0000] {taskinstance.py:2073} INFO - Dependencies all met for dep_context=requeueable deps ti=<TaskInstance: isr_pipeline.parse_competition manual__2026-03-21T14:33:32.851998+00:00 map_index=3 [queued]>
[2026-03-26T12:10:26.301+0000] {taskinstance.py:2303} INFO - Starting attempt 2 of 4
[2026-03-26T12:10:26.337+0000] {taskinstance.py:2327} INFO - Executing <Mapped(_PythonDecoratedOperator): parse_competition> on 2026-03-21 14:33:32.851998+00:00
[2026-03-26T12:10:26.353+0000] {logging_mixin.py:188} WARNING - /home/***/.local/lib/python3.12/site-packages/***/task/task_runner/standard_task_runner.py:61 DeprecationWarning: This process (pid=170) is multi-threaded, use of fork() may lead to deadlocks in the child.
[2026-03-26T12:10:26.356+0000] {standard_task_runner.py:63} INFO - Started process 184 to run task
[2026-03-26T12:10:26.357+0000] {standard_task_runner.py:90} INFO - Running: ['***', 'tasks', 'run', 'isr_pipeline', 'parse_competition', 'manual__2026-03-21T14:33:32.851998+00:00', '--job-id', '94', '--raw', '--subdir', 'DAGS_FOLDER/isr_pipeline.py', '--cfg-path', '/tmp/tmpazjf9fgf', '--map-index', '3']
[2026-03-26T12:10:26.361+0000] {standard_task_runner.py:91} INFO - Job 94: Subtask parse_competition
[2026-03-26T12:10:26.603+0000] {task_command.py:426} INFO - Running <TaskInstance: isr_pipeline.parse_competition manual__2026-03-21T14:33:32.851998+00:00 map_index=3 [running]> on host 2f5621df97c4
[2026-03-26T12:10:26.782+0000] {taskinstance.py:2644} INFO - Exporting env vars: AIRFLOW_CTX_DAG_OWNER='***' AIRFLOW_CTX_DAG_ID='isr_pipeline' AIRFLOW_CTX_TASK_ID='parse_competition' AIRFLOW_CTX_EXECUTION_DATE='2026-03-21T14:33:32.851998+00:00' AIRFLOW_CTX_TRY_NUMBER='2' AIRFLOW_CTX_DAG_RUN_ID='manual__2026-03-21T14:33:32.851998+00:00'
[2026-03-26T12:10:26.784+0000] {taskinstance.py:430} INFO - ::endgroup::
[2026-03-26T12:10:27.779+0000] {isr_pipeline.py:107} INFO - parse_competition: starting ××××¤××ª ××©×¨×× arena ××××¡××¨×¡ (isr=169)
[2026-03-26T12:10:29.994+0000] {parser.py:95} INFO -   Loading session: https://loglig.com:2053/LeagueTable/AthleticsDisciplines/6376
[2026-03-26T12:10:41.913+0000] {parser.py:146} INFO -     Race 1: 50m FREE F  — 50 results, 0 with splits
[2026-03-26T12:10:53.830+0000] {parser.py:146} INFO -     Race 2: 50m FREE M  — 123 results, 0 with splits
[2026-03-26T12:11:00.483+0000] {parser.py:146} INFO -     Race 3: 100m FLY F  — 24 results, 20 with splits
[2026-03-26T12:11:09.098+0000] {parser.py:146} INFO -     Race 4: 100m FLY M  — 43 results, 40 with splits
[2026-03-26T12:11:15.092+0000] {parser.py:146} INFO -     Race 5: 200m BACK F  — 23 results, 19 with splits
[2026-03-26T12:11:22.719+0000] {parser.py:146} INFO -     Race 6: 200m BACK M  — 40 results, 35 with splits
[2026-03-26T12:11:25.749+0000] {parser.py:146} INFO -     Race 7: 400m IM F  — 2 results, 2 with splits
[2026-03-26T12:11:31.478+0000] {parser.py:146} INFO -     Race 8: 400m IM M  — 15 results, 14 with splits
[2026-03-26T12:11:40.450+0000] {parser.py:146} INFO -     Race 9: 50m MEDLEY F RELAY — 17 results, 0 with splits
[2026-03-26T12:11:52.983+0000] {parser.py:146} INFO -     Race 10: 50m MEDLEY M RELAY — 28 results, 0 with splits
[2026-03-26T12:11:56.584+0000] {parser.py:146} INFO -     Race 11: 800m FREE F  — 10 results, 0 with splits
[2026-03-26T12:12:01.631+0000] {parser.py:146} INFO -     Race 12: 800m FREE M  — 29 results, 1 with splits
[2026-03-26T12:12:08.936+0000] {parser.py:146} INFO -     Race 13: 50m BACK F  — 47 results, 0 with splits
[2026-03-26T12:12:18.319+0000] {parser.py:146} INFO -     Race 14: 50m BACK M  — 72 results, 0 with splits
[2026-03-26T12:12:23.128+0000] {parser.py:146} INFO -     Race 15: 200m BREAST F  — 21 results, 18 with splits
[2026-03-26T12:12:31.141+0000] {parser.py:146} INFO -     Race 16: 200m BREAST M  — 54 results, 45 with splits
[2026-03-26T12:12:37.455+0000] {parser.py:146} INFO -     Race 17: 100m FREE F  — 57 results, 51 with splits
[2026-03-26T12:12:47.579+0000] {parser.py:146} INFO -     Race 18: 100m FREE M  — 111 results, 91 with splits
[2026-03-26T12:13:00.158+0000] {parser.py:146} INFO -     Race 19: 50m MEDLEY MIX RELAY — 28 results, 0 with splits
[2026-03-26T12:13:06.284+0000] {parser.py:146} INFO -     Race 21: 200m FREE F  — 47 results, 36 with splits
[2026-03-26T12:13:13.716+0000] {parser.py:146} INFO -     Race 22: 200m FREE M  — 57 results, 43 with splits
[2026-03-26T12:13:18.633+0000] {parser.py:146} INFO -     Race 23: 100m BREAST F  — 29 results, 25 with splits
[2026-03-26T12:13:25.522+0000] {parser.py:146} INFO -     Race 24: 100m BREAST M  — 68 results, 60 with splits
[2026-03-26T12:13:31.298+0000] {parser.py:146} INFO -     Race 25: 50m FLY F  — 43 results, 0 with splits
[2026-03-26T12:13:40.346+0000] {parser.py:146} INFO -     Race 26: 50m FLY M  — 80 results, 0 with splits
[2026-03-26T12:13:46.761+0000] {parser.py:146} INFO -     Race 27: 200m IM F  — 33 results, 28 with splits
[2026-03-26T12:13:55.316+0000] {parser.py:146} INFO -     Race 28: 200m IM M  — 56 results, 44 with splits
[2026-03-26T12:14:07.045+0000] {parser.py:146} INFO -     Race 29: 50m FREE MIX RELAY — 26 results, 0 with splits
[2026-03-26T12:14:12.796+0000] {parser.py:146} INFO -     Race 31: 100m BACK F  — 34 results, 32 with splits
[2026-03-26T12:14:19.810+0000] {parser.py:146} INFO -     Race 32: 100m BACK M  — 47 results, 43 with splits
[2026-03-26T12:14:24.963+0000] {parser.py:146} INFO -     Race 33: 400m FREE F  — 38 results, 26 with splits
[2026-03-26T12:14:31.728+0000] {parser.py:146} INFO -     Race 34: 400m FREE M  — 55 results, 41 with splits
[2026-03-26T12:14:37.756+0000] {parser.py:146} INFO -     Race 35: 50m BREAST F  — 41 results, 0 with splits
[2026-03-26T12:14:44.023+0000] {parser.py:146} INFO -     Race 36: 50m BREAST M  — 73 results, 0 with splits
[2026-03-26T12:14:46.751+0000] {parser.py:146} INFO -     Race 37: 200m FLY F  — 3 results, 2 with splits
[2026-03-26T12:14:50.113+0000] {parser.py:146} INFO -     Race 38: 200m FLY M  — 13 results, 7 with splits
[2026-03-26T12:14:57.591+0000] {parser.py:146} INFO -     Race 39: 50m FREE F RELAY — 17 results, 0 with splits
[2026-03-26T12:15:06.887+0000] {parser.py:146} INFO -     Race 40: 50m FREE M RELAY — 23 results, 0 with splits
[2026-03-26T12:15:06.939+0000] {isr_pipeline.py:115} INFO -   parsed: races=38 ind=1438 relay=139 swimmers=483
[2026-03-26T12:15:07.080+0000] {storage.py:45} INFO -   Saved: ××××¤××ª ××©×¨×× arena ××××¡××¨×¡  (38 races, 1438 ind, 139 relay, 483 swimmers)
[2026-03-26T12:15:07.081+0000] {isr_pipeline.py:127} INFO -   files saved
[2026-03-26T12:15:07.967+0000] {document_writer.py:64} INFO -   wrote: 39 clubs  483 swimmers  38 events  1438 results  139 relay results
[2026-03-26T12:15:07.970+0000] {isr_pipeline.py:131} INFO -   DB write complete
[2026-03-26T12:15:07.972+0000] {python.py:237} INFO - Done. Returned value was: 169
[2026-03-26T12:15:07.973+0000] {taskinstance.py:441} INFO - ::group::Post task execution logs
[2026-03-26T12:15:08.002+0000] {taskinstance.py:1205} INFO - Marking task as SUCCESS. dag_id=isr_pipeline, task_id=parse_competition, map_index=3, execution_date=20260321T143332, start_date=20260326T121026, end_date=20260326T121508
[2026-03-26T12:15:08.072+0000] {local_task_job_runner.py:240} INFO - Task exited with return code 0
[2026-03-26T12:15:08.093+0000] {taskinstance.py:3482} INFO - 0 downstream tasks scheduled from follow-on schedule check
[2026-03-26T12:15:08.095+0000] {local_task_job_runner.py:222} INFO - ::endgroup::
