[2026-03-21T14:33:13.803+0000] {local_task_job_runner.py:120} INFO - ::group::Pre task execution logs
[2026-03-21T14:33:13.849+0000] {taskinstance.py:2073} INFO - Dependencies all met for dep_context=non-requeueable deps ti=<TaskInstance: isr_pipeline.check_for_new_competitions scheduled__2026-03-20T06:00:00+00:00 [queued]>
[2026-03-21T14:33:13.860+0000] {taskinstance.py:2073} INFO - Dependencies all met for dep_context=requeueable deps ti=<TaskInstance: isr_pipeline.check_for_new_competitions scheduled__2026-03-20T06:00:00+00:00 [queued]>
[2026-03-21T14:33:13.861+0000] {taskinstance.py:2303} INFO - Starting attempt 1 of 4
[2026-03-21T14:33:13.878+0000] {taskinstance.py:2327} INFO - Executing <Task(_ShortCircuitDecoratedOperator): check_for_new_competitions> on 2026-03-20 06:00:00+00:00
[2026-03-21T14:33:13.892+0000] {standard_task_runner.py:90} INFO - Running: ['***', 'tasks', 'run', 'isr_pipeline', 'check_for_new_competitions', 'scheduled__2026-03-20T06:00:00+00:00', '--job-id', '2', '--raw', '--subdir', 'DAGS_FOLDER/isr_pipeline.py', '--cfg-path', '/tmp/tmpwqxu_s7m']
[2026-03-21T14:33:13.895+0000] {standard_task_runner.py:91} INFO - Job 2: Subtask check_for_new_competitions
[2026-03-21T14:33:13.901+0000] {logging_mixin.py:188} WARNING - /home/***/.local/lib/python3.12/site-packages/***/task/task_runner/standard_task_runner.py:61 DeprecationWarning: This process (pid=371) is multi-threaded, use of fork() may lead to deadlocks in the child.
[2026-03-21T14:33:13.902+0000] {standard_task_runner.py:63} INFO - Started process 372 to run task
[2026-03-21T14:33:13.978+0000] {task_command.py:426} INFO - Running <TaskInstance: isr_pipeline.check_for_new_competitions scheduled__2026-03-20T06:00:00+00:00 [running]> on host cd5c448f6389
[2026-03-21T14:33:14.117+0000] {taskinstance.py:2644} INFO - Exporting env vars: AIRFLOW_CTX_DAG_OWNER='***' AIRFLOW_CTX_DAG_ID='isr_pipeline' AIRFLOW_CTX_TASK_ID='check_for_new_competitions' AIRFLOW_CTX_EXECUTION_DATE='2026-03-20T06:00:00+00:00' AIRFLOW_CTX_TRY_NUMBER='1' AIRFLOW_CTX_DAG_RUN_ID='scheduled__2026-03-20T06:00:00+00:00'
[2026-03-21T14:33:14.118+0000] {taskinstance.py:430} INFO - ::endgroup::
[2026-03-21T14:33:14.403+0000] {scraper.py:62} INFO - Fetching ISR competition list...
[2026-03-21T14:33:14.672+0000] {scraper.py:72} INFO - Found 26 competitions on list page
[2026-03-21T14:33:14.774+0000] {scraper.py:78} INFO -   SKIP (no loglig iframe): ××××¤××ª ××××¡××¨×¡ ×××¨×£ 2020
[2026-03-21T14:33:14.829+0000] {scraper.py:78} INFO -   SKIP (no loglig iframe): ×ª××¨××ª ×¡××× ×¢×× × - ×××¡××¨×¡
[2026-03-21T14:33:14.883+0000] {scraper.py:78} INFO -   SKIP (no loglig iframe): ××©×× ×§×¨× ×× ×××¨ ××××¡××¨×¡
[2026-03-21T14:33:14.942+0000] {scraper.py:78} INFO -   SKIP (no loglig iframe): ××××¤××ª ×¤×ª×××ª ××¢×× × ××××¡××¨×¡
[2026-03-21T14:33:14.993+0000] {scraper.py:78} INFO -   SKIP (no loglig iframe): ×××× ××××¡××¨×¡ - ×××××¨ 1
[2026-03-21T14:33:15.046+0000] {scraper.py:78} INFO -   SKIP (no loglig iframe): ×××× ××××¡××¨×¡ - ×××××¨ 2
[2026-03-21T14:33:16.107+0000] {scraper.py:102} INFO -   OK  ××××¤××ª ××©×¨×× ××××¡××¨×¡  loglig=5628  dates=[]  races=38
[2026-03-21T14:33:16.383+0000] {scraper.py:102} INFO -   OK  ×××× ××××¡××¨×¡ - ×©×××  loglig=6016  dates=[]  races=10
[2026-03-21T14:33:17.050+0000] {scraper.py:102} INFO -   OK  ××××¤××ª ××©×¨×× arena ×××¨×£ ××××¡××¨×¡  loglig=6051  dates=[]  races=40
[2026-03-21T14:33:17.304+0000] {scraper.py:102} INFO -   OK  ×××× ××××¡××¨×¡ - TLV × ×××¡  loglig=6286  dates=[]  races=10
[2026-03-21T14:33:17.851+0000] {scraper.py:102} INFO -   OK  ××××¤××ª ××©×¨×× arena ××××¡××¨×¡  loglig=6376  dates=[]  races=38
[2026-03-21T14:33:18.241+0000] {scraper.py:102} INFO -   OK  ××××¢ ×§×¨× ×× ×××¨  loglig=6643  dates=[]  races=19
[2026-03-21T14:33:18.558+0000] {scraper.py:102} INFO -   OK  ×ª××¨××ª ××× × ×××××× ××××¡××¨×¡  loglig=7002  dates=[]  races=26
[2026-03-21T14:33:19.078+0000] {scraper.py:102} INFO -   OK  Maccabiah Masters  loglig=7009  dates=[]  races=32
[2026-03-21T14:33:19.136+0000] {scraper.py:78} INFO -   SKIP (no loglig iframe): ×××¡××¨ ×¤××¡××¨
[2026-03-21T14:33:19.701+0000] {scraper.py:102} INFO -   OK  ××××¤××ª ××©×¨×× arena ××××¡××¨×¡ ×××¨××××ª ×§×¦×¨××ª  loglig=8064  dates=[]  races=40
[2026-03-21T14:33:19.953+0000] {scraper.py:102} INFO -   OK  ××××¤××ª ×××× - ×××¡××¨×¡  loglig=8818  dates=[]  races=14
[2026-03-21T14:33:20.524+0000] {scraper.py:102} INFO -   OK  ××××¤××ª ××©×¨×× arena ××××¡××¨×¡  loglig=9018  dates=[]  races=38
[2026-03-21T14:33:21.027+0000] {scraper.py:102} INFO -   OK  ××××¤××ª ××©×¨×× arena ××××¡××¨×¡ ×××¨××××ª ×§×¦×¨××ª  loglig=10235  dates=[]  races=40
[2026-03-21T14:33:21.553+0000] {scraper.py:102} INFO -   OK  ××××¤××ª ××©×¨×× arena ××××¡××¨×¡  loglig=10934  dates=[]  races=38
[2026-03-21T14:33:22.166+0000] {scraper.py:102} INFO -   OK  ××××¤××ª ××©×¨×× ××¨× × ××××¡××¨×¡ ×××¨××××ª ×§×¦×¨××ª  loglig=11586  dates=[]  races=40
[2026-03-21T14:33:22.645+0000] {scraper.py:102} INFO -   OK  ××××¤××ª ××©×¨×× ××¨× × ××××¡××¨×¡ ××§×¨×××¨××× ×× ××××××  loglig=12272  dates=[]  races=38
[2026-03-21T14:33:22.912+0000] {scraper.py:102} INFO -   OK  ×××× ×××¡××¨×× ××××¡××  loglig=13763  dates=[]  races=20
[2026-03-21T14:33:23.507+0000] {scraper.py:102} INFO -   OK  ××××¤××ª ××©×¨×× "××¨× ×" ×××¨×£ ×××¡××¨×¡ 2025  loglig=13805  dates=[]  races=40
[2026-03-21T14:33:23.561+0000] {scraper.py:78} INFO -   SKIP (no loglig iframe): ××××¤××ª ××©×¨×× "××¨× ×" ×××¡××¨×¡ ×§××¥ 2026
[2026-03-21T14:33:23.614+0000] {scraper.py:78} INFO -   SKIP (no loglig iframe): ××××× ×××¡××¨×¡
[2026-03-21T14:33:23.615+0000] {scraper.py:104} INFO - Resolved 17 competitions
[2026-03-21T14:33:23.617+0000] {isr_pipeline.py:59} INFO - check_for_new: 17 total, 17 new
[2026-03-21T14:33:23.619+0000] {python.py:237} INFO - Done. Returned value was: True
[2026-03-21T14:33:23.620+0000] {python.py:304} INFO - Condition result is True
[2026-03-21T14:33:23.621+0000] {python.py:307} INFO - Proceeding with downstream tasks...
[2026-03-21T14:33:23.621+0000] {taskinstance.py:441} INFO - ::group::Post task execution logs
[2026-03-21T14:33:23.663+0000] {taskinstance.py:1205} INFO - Marking task as SUCCESS. dag_id=isr_pipeline, task_id=check_for_new_competitions, execution_date=20260320T060000, start_date=20260321T143313, end_date=20260321T143323
[2026-03-21T14:33:23.734+0000] {local_task_job_runner.py:240} INFO - Task exited with return code 0
[2026-03-21T14:33:23.785+0000] {taskinstance.py:3482} INFO - 1 downstream tasks scheduled from follow-on schedule check
[2026-03-21T14:33:23.790+0000] {local_task_job_runner.py:222} INFO - ::endgroup::
