[2026-03-21T15:35:56.402+0000] {local_task_job_runner.py:120} INFO - ::group::Pre task execution logs
[2026-03-21T15:35:56.561+0000] {taskinstance.py:2073} INFO - Dependencies all met for dep_context=non-requeueable deps ti=<TaskInstance: isr_pipeline.parse_competition scheduled__2026-03-20T06:00:00+00:00 map_index=16 [queued]>
[2026-03-21T15:35:56.584+0000] {taskinstance.py:2073} INFO - Dependencies all met for dep_context=requeueable deps ti=<TaskInstance: isr_pipeline.parse_competition scheduled__2026-03-20T06:00:00+00:00 map_index=16 [queued]>
[2026-03-21T15:35:56.586+0000] {taskinstance.py:2303} INFO - Starting attempt 4 of 4
[2026-03-21T15:35:56.617+0000] {taskinstance.py:2327} INFO - Executing <Mapped(_PythonDecoratedOperator): parse_competition> on 2026-03-20 06:00:00+00:00
[2026-03-21T15:35:56.630+0000] {standard_task_runner.py:90} INFO - Running: ['***', 'tasks', 'run', 'isr_pipeline', 'parse_competition', 'scheduled__2026-03-20T06:00:00+00:00', '--job-id', '72', '--raw', '--subdir', 'DAGS_FOLDER/isr_pipeline.py', '--cfg-path', '/tmp/tmpwmj5x5f4', '--map-index', '16']
[2026-03-21T15:35:56.634+0000] {standard_task_runner.py:91} INFO - Job 72: Subtask parse_competition
[2026-03-21T15:35:56.638+0000] {logging_mixin.py:188} WARNING - /home/***/.local/lib/python3.12/site-packages/***/task/task_runner/standard_task_runner.py:61 DeprecationWarning: This process (pid=1427) is multi-threaded, use of fork() may lead to deadlocks in the child.
[2026-03-21T15:35:56.640+0000] {standard_task_runner.py:63} INFO - Started process 1430 to run task
[2026-03-21T15:35:56.757+0000] {task_command.py:426} INFO - Running <TaskInstance: isr_pipeline.parse_competition scheduled__2026-03-20T06:00:00+00:00 map_index=16 [running]> on host 2f5621df97c4
[2026-03-21T15:35:56.992+0000] {taskinstance.py:2644} INFO - Exporting env vars: AIRFLOW_CTX_DAG_OWNER='***' AIRFLOW_CTX_DAG_ID='isr_pipeline' AIRFLOW_CTX_TASK_ID='parse_competition' AIRFLOW_CTX_EXECUTION_DATE='2026-03-20T06:00:00+00:00' AIRFLOW_CTX_TRY_NUMBER='4' AIRFLOW_CTX_DAG_RUN_ID='scheduled__2026-03-20T06:00:00+00:00'
[2026-03-21T15:35:56.997+0000] {taskinstance.py:430} INFO - ::endgroup::
[2026-03-21T15:35:57.784+0000] {isr_pipeline.py:107} INFO - parse_competition: starting ××××¤××ª ××©×¨×× "××¨× ×" ×××¨×£ ×××¡××¨×¡ 2025 (isr=16714)
[2026-03-21T15:35:58.948+0000] {parser.py:95} INFO -   Loading session: https://loglig.com:2053/LeagueTable/AthleticsDisciplines/13805
[2026-03-21T15:36:05.395+0000] {parser.py:146} INFO -     Race 1: 400m FREE F  — 20 results, 17 with splits
[2026-03-21T15:36:11.118+0000] {parser.py:146} INFO -     Race 2: 400m FREE M  — 33 results, 27 with splits
[2026-03-21T15:36:16.890+0000] {parser.py:146} INFO -     Race 3: 100m IM F  — 36 results, 36 with splits
[2026-03-21T15:36:25.354+0000] {parser.py:146} INFO -     Race 4: 100m IM M  — 74 results, 64 with splits
[2026-03-21T15:36:29.371+0000] {parser.py:146} INFO -     Race 5: 100m FLY F  — 11 results, 11 with splits
[2026-03-21T15:36:33.769+0000] {parser.py:146} INFO -     Race 6: 100m FLY M  — 37 results, 33 with splits
[2026-03-21T15:36:38.217+0000] {parser.py:146} INFO -     Race 7: 50m BACK F  — 37 results, 0 with splits
[2026-03-21T15:36:43.664+0000] {parser.py:146} INFO -     Race 8: 50m BACK M  — 47 results, 0 with splits
[2026-03-21T15:36:46.818+0000] {parser.py:146} INFO -     Race 9: 200m BREAST F  — 15 results, 12 with splits
[2026-03-21T15:36:52.396+0000] {parser.py:146} INFO -     Race 10: 200m BREAST M  — 36 results, 34 with splits
[2026-03-21T15:36:58.756+0000] {parser.py:146} INFO -     Race 11: 50m FREE F RELAY — 14 results, 0 with splits
[2026-03-21T15:37:09.094+0000] {parser.py:146} INFO -     Race 12: 50m FREE M RELAY — 28 results, 0 with splits
[2026-03-21T15:37:13.096+0000] {parser.py:146} INFO -     Race 13: 50m BREAST F  — 36 results, 0 with splits
[2026-03-21T15:37:19.645+0000] {parser.py:146} INFO -     Race 14: 50m BREAST M  — 75 results, 0 with splits
[2026-03-21T15:37:23.409+0000] {parser.py:146} INFO -     Race 15: 200m FREE F  — 25 results, 20 with splits
[2026-03-21T15:37:29.100+0000] {parser.py:146} INFO -     Race 16: 200m FREE M  — 51 results, 46 with splits
[2026-03-21T15:37:32.545+0000] {parser.py:146} INFO -     Race 17: 100m BACK F  — 24 results, 22 with splits
[2026-03-21T15:37:38.243+0000] {parser.py:146} INFO -     Race 18: 100m BACK M  — 38 results, 29 with splits
[2026-03-21T15:37:41.195+0000] {parser.py:146} INFO -     Race 19: 200m IM F  — 15 results, 14 with splits
[2026-03-21T15:37:46.233+0000] {parser.py:146} INFO -     Race 20: 200m IM M  — 39 results, 34 with splits
[2026-03-21T15:37:58.772+0000] {parser.py:146} INFO -     Race 21: 50m MEDLEY MIX RELAY — 23 results, 0 with splits
[2026-03-21T15:38:04.653+0000] {parser.py:146} INFO -     Race 23: 50m FREE F  — 54 results, 0 with splits
[2026-03-21T15:38:16.930+0000] {parser.py:146} INFO -     Race 24: 50m FREE M  — 115 results, 0 with splits
[2026-03-21T15:38:19.649+0000] {parser.py:146} INFO -     Race 25: 200m FLY F  — 5 results, 5 with splits
[2026-03-21T15:38:23.299+0000] {parser.py:146} INFO -     Race 26: 200m FLY M  — 16 results, 16 with splits
[2026-03-21T15:38:26.892+0000] {parser.py:146} INFO -     Race 27: 100m BREAST F  — 25 results, 22 with splits
[2026-03-21T15:38:33.904+0000] {parser.py:146} INFO -     Race 28: 100m BREAST M  — 62 results, 48 with splits
[2026-03-21T15:38:42.045+0000] {parser.py:146} INFO -     Race 29: 50m FREE MIX RELAY — 22 results, 0 with splits
[2026-03-21T15:38:44.260+0000] {parser.py:146} INFO -     Race 31: 400m IM F  — 4 results, 3 with splits
[2026-03-21T15:38:47.872+0000] {parser.py:146} INFO -     Race 32: 400m IM M  — 14 results, 13 with splits
[2026-03-21T15:38:51.012+0000] {parser.py:146} INFO -     Race 33: 800m FREE F  — 14 results, 11 with splits
[2026-03-21T15:38:54.907+0000] {parser.py:146} INFO -     Race 34: 800m FREE M  — 27 results, 18 with splits
[2026-03-21T15:38:58.010+0000] {parser.py:146} INFO -     Race 35: 200m BACK F  — 16 results, 15 with splits
[2026-03-21T15:39:03.446+0000] {parser.py:146} INFO -     Race 36: 200m BACK M  — 29 results, 25 with splits
[2026-03-21T15:39:07.183+0000] {parser.py:146} INFO -     Race 37: 50m FLY F  — 27 results, 0 with splits
[2026-03-21T15:39:14.744+0000] {parser.py:146} INFO -     Race 38: 50m FLY M  — 79 results, 0 with splits
[2026-03-21T15:39:18.791+0000] {parser.py:146} INFO -     Race 39: 100m FREE F  — 32 results, 28 with splits
[2026-03-21T15:39:26.141+0000] {parser.py:146} INFO -     Race 40: 100m FREE M  — 97 results, 83 with splits
[2026-03-21T15:39:31.291+0000] {parser.py:146} INFO -     Race 41: 50m MEDLEY F RELAY — 12 results, 0 with splits
[2026-03-21T15:39:40.353+0000] {parser.py:146} INFO -     Race 42: 50m MEDLEY M RELAY — 25 results, 0 with splits
[2026-03-21T15:39:40.444+0000] {isr_pipeline.py:115} INFO -   parsed: races=40 ind=1265 relay=124 swimmers=422
[2026-03-21T15:39:40.577+0000] {storage.py:45} INFO -   Saved: ××××¤××ª ××©×¨×× "××¨× ×" ×××¨×£ ×××¡××¨×¡ 2025  (40 races, 1265 ind, 124 relay, 422 swimmers)
[2026-03-21T15:39:40.579+0000] {isr_pipeline.py:127} INFO -   files saved
[2026-03-21T15:39:41.495+0000] {document_writer.py:64} INFO -   wrote: 44 clubs  422 swimmers  40 events  1265 results  124 relay results
[2026-03-21T15:39:41.497+0000] {isr_pipeline.py:131} INFO -   DB write complete
[2026-03-21T15:39:41.499+0000] {python.py:237} INFO - Done. Returned value was: 16714
[2026-03-21T15:39:41.500+0000] {taskinstance.py:441} INFO - ::group::Post task execution logs
[2026-03-21T15:39:41.536+0000] {taskinstance.py:1205} INFO - Marking task as SUCCESS. dag_id=isr_pipeline, task_id=parse_competition, map_index=16, execution_date=20260320T060000, start_date=20260321T153556, end_date=20260321T153941
[2026-03-21T15:39:41.612+0000] {local_task_job_runner.py:240} INFO - Task exited with return code 0
[2026-03-21T15:39:41.633+0000] {taskinstance.py:3482} INFO - 0 downstream tasks scheduled from follow-on schedule check
[2026-03-21T15:39:41.636+0000] {local_task_job_runner.py:222} INFO - ::endgroup::
