[2026-03-21T15:40:02.669+0000] {local_task_job_runner.py:120} INFO - ::group::Pre task execution logs
[2026-03-21T15:40:02.785+0000] {taskinstance.py:2073} INFO - Dependencies all met for dep_context=non-requeueable deps ti=<TaskInstance: isr_pipeline.parse_competition manual__2026-03-21T14:33:32.851998+00:00 map_index=11 [queued]>
[2026-03-21T15:40:02.834+0000] {taskinstance.py:2073} INFO - Dependencies all met for dep_context=requeueable deps ti=<TaskInstance: isr_pipeline.parse_competition manual__2026-03-21T14:33:32.851998+00:00 map_index=11 [queued]>
[2026-03-21T15:40:02.838+0000] {taskinstance.py:2303} INFO - Starting attempt 1 of 4
[2026-03-21T15:40:02.903+0000] {taskinstance.py:2327} INFO - Executing <Mapped(_PythonDecoratedOperator): parse_competition> on 2026-03-21 14:33:32.851998+00:00
[2026-03-21T15:40:02.939+0000] {standard_task_runner.py:90} INFO - Running: ['***', 'tasks', 'run', 'isr_pipeline', 'parse_competition', 'manual__2026-03-21T14:33:32.851998+00:00', '--job-id', '79', '--raw', '--subdir', 'DAGS_FOLDER/isr_pipeline.py', '--cfg-path', '/tmp/tmp99_8kjtn', '--map-index', '11']
[2026-03-21T15:40:02.948+0000] {standard_task_runner.py:91} INFO - Job 79: Subtask parse_competition
[2026-03-21T15:40:02.968+0000] {logging_mixin.py:188} WARNING - /home/***/.local/lib/python3.12/site-packages/***/task/task_runner/standard_task_runner.py:61 DeprecationWarning: This process (pid=1658) is multi-threaded, use of fork() may lead to deadlocks in the child.
[2026-03-21T15:40:02.972+0000] {standard_task_runner.py:63} INFO - Started process 1669 to run task
[2026-03-21T15:40:03.089+0000] {task_command.py:426} INFO - Running <TaskInstance: isr_pipeline.parse_competition manual__2026-03-21T14:33:32.851998+00:00 map_index=11 [running]> on host 2f5621df97c4
[2026-03-21T15:40:03.362+0000] {taskinstance.py:2644} INFO - Exporting env vars: AIRFLOW_CTX_DAG_OWNER='***' AIRFLOW_CTX_DAG_ID='isr_pipeline' AIRFLOW_CTX_TASK_ID='parse_competition' AIRFLOW_CTX_EXECUTION_DATE='2026-03-21T14:33:32.851998+00:00' AIRFLOW_CTX_TRY_NUMBER='1' AIRFLOW_CTX_DAG_RUN_ID='manual__2026-03-21T14:33:32.851998+00:00'
[2026-03-21T15:40:03.367+0000] {taskinstance.py:430} INFO - ::endgroup::
[2026-03-21T15:40:03.906+0000] {isr_pipeline.py:107} INFO - parse_competition: starting ××××¤××ª ××©×¨×× ××¨× × ××××¡××¨×¡ ×××¨××××ª ×§×¦×¨××ª (isr=6595)
[2026-03-21T15:40:05.104+0000] {parser.py:95} INFO -   Loading session: https://loglig.com:2053/LeagueTable/AthleticsDisciplines/11586
[2026-03-21T15:40:31.623+0000] {parser.py:146} INFO -     Race 1: 400m FREE F  — 18 results, 15 with splits
[2026-03-21T15:40:40.942+0000] {parser.py:146} INFO -     Race 2: 400m FREE M  — 38 results, 36 with splits
[2026-03-21T15:41:18.238+0000] {parser.py:146} INFO -     Race 3: 50m BACK F  — 31 results, 0 with splits
[2026-03-21T15:42:49.333+0000] {parser.py:146} INFO -     Race 4: 50m BACK M  — 57 results, 0 with splits
[2026-03-21T15:52:40.297+0000] {parser.py:146} INFO -     Race 5: 100m FLY F  — 14 results, 14 with splits
[2026-03-21T15:52:40.945+0000] {local_task_job_runner.py:310} WARNING - State of this instance has been externally set to None. Terminating instance.
[2026-03-21T15:52:40.964+0000] {local_task_job_runner.py:222} INFO - ::endgroup::
[2026-03-21T15:52:41.063+0000] {process_utils.py:132} INFO - Sending 15 to group 1669. PIDs of all processes in the group: [1686, 1745, 1749, 1750, 1796, 1809, 1794, 1669]
[2026-03-21T15:52:41.069+0000] {process_utils.py:87} INFO - Sending the signal 15 to group 1669
[2026-03-21T15:52:41.070+0000] {taskinstance.py:2607} ERROR - Received SIGTERM. Terminating subprocesses.
[2026-03-21T15:52:41.160+0000] {process_utils.py:80} INFO - Process psutil.Process(pid=1794, status='terminated', started='15:40:04') (1794) terminated with exit code None
[2026-03-21T15:52:41.307+0000] {process_utils.py:80} INFO - Process psutil.Process(pid=1749, status='terminated', started='15:40:04') (1749) terminated with exit code None
[2026-03-21T15:52:41.371+0000] {taskinstance.py:441} INFO - ::group::Post task execution logs
[2026-03-21T15:52:41.455+0000] {process_utils.py:80} INFO - Process psutil.Process(pid=1750, status='terminated', started='15:40:04') (1750) terminated with exit code None
[2026-03-21T15:52:41.457+0000] {process_utils.py:80} INFO - Process psutil.Process(pid=1745, status='terminated', started='15:40:04') (1745) terminated with exit code None
[2026-03-21T15:52:41.459+0000] {process_utils.py:80} INFO - Process psutil.Process(pid=1809, status='terminated', started='15:40:04') (1809) terminated with exit code None
[2026-03-21T15:52:41.461+0000] {process_utils.py:80} INFO - Process psutil.Process(pid=1796, status='terminated', started='15:40:04') (1796) terminated with exit code None
[2026-03-21T15:52:41.465+0000] {process_utils.py:80} INFO - Process psutil.Process(pid=1686, status='terminated', started='15:40:03') (1686) terminated with exit code None
[2026-03-21T15:52:41.504+0000] {taskinstance.py:2890} ERROR - Task failed with exception
Traceback (most recent call last):
  File "/home/airflow/.local/lib/python3.12/site-packages/airflow/models/taskinstance.py", line 460, in _execute_task
    result = _execute_callable(context=context, **execute_callable_kwargs)
             ^^^^^^^^^^^^^^^^^^^^^^^^^^^^^^^^^^^^^^^^^^^^^^^^^^^^^^^^^^^^^
  File "/home/airflow/.local/lib/python3.12/site-packages/airflow/models/taskinstance.py", line 432, in _execute_callable
    return execute_callable(context=context, **execute_callable_kwargs)
           ^^^^^^^^^^^^^^^^^^^^^^^^^^^^^^^^^^^^^^^^^^^^^^^^^^^^^^^^^^^^
  File "/home/airflow/.local/lib/python3.12/site-packages/airflow/models/baseoperator.py", line 400, in wrapper
    return func(self, *args, **kwargs)
           ^^^^^^^^^^^^^^^^^^^^^^^^^^^
  File "/home/airflow/.local/lib/python3.12/site-packages/airflow/decorators/base.py", line 265, in execute
    return_value = super().execute(context)
                   ^^^^^^^^^^^^^^^^^^^^^^^^
  File "/home/airflow/.local/lib/python3.12/site-packages/airflow/models/baseoperator.py", line 400, in wrapper
    return func(self, *args, **kwargs)
           ^^^^^^^^^^^^^^^^^^^^^^^^^^^
  File "/home/airflow/.local/lib/python3.12/site-packages/airflow/operators/python.py", line 235, in execute
    return_value = self.execute_callable()
                   ^^^^^^^^^^^^^^^^^^^^^^^
  File "/home/airflow/.local/lib/python3.12/site-packages/airflow/operators/python.py", line 252, in execute_callable
    return self.python_callable(*self.op_args, **self.op_kwargs)
           ^^^^^^^^^^^^^^^^^^^^^^^^^^^^^^^^^^^^^^^^^^^^^^^^^^^^^
  File "/opt/airflow/dags/isr_pipeline.py", line 113, in parse_competition
    doc  = _parse(comp, registry, page)
           ^^^^^^^^^^^^^^^^^^^^^^^^^^^^
  File "/opt/airflow/project/parser.py", line 125, in parse_competition
    resp = _SESSION.get(html_url, timeout=15)
           ^^^^^^^^^^^^^^^^^^^^^^^^^^^^^^^^^^
  File "/home/airflow/.local/lib/python3.12/site-packages/requests/sessions.py", line 602, in get
    return self.request("GET", url, **kwargs)
           ^^^^^^^^^^^^^^^^^^^^^^^^^^^^^^^^^^
  File "/home/airflow/.local/lib/python3.12/site-packages/requests/sessions.py", line 589, in request
    resp = self.send(prep, **send_kwargs)
           ^^^^^^^^^^^^^^^^^^^^^^^^^^^^^^
  File "/home/airflow/.local/lib/python3.12/site-packages/requests/sessions.py", line 703, in send
    r = adapter.send(request, **kwargs)
        ^^^^^^^^^^^^^^^^^^^^^^^^^^^^^^^
  File "/home/airflow/.local/lib/python3.12/site-packages/requests/adapters.py", line 667, in send
    resp = conn.urlopen(
           ^^^^^^^^^^^^^
  File "/home/airflow/.local/lib/python3.12/site-packages/urllib3/connectionpool.py", line 715, in urlopen
    httplib_response = self._make_request(
                       ^^^^^^^^^^^^^^^^^^^
  File "/home/airflow/.local/lib/python3.12/site-packages/urllib3/connectionpool.py", line 467, in _make_request
    six.raise_from(e, None)
  File "<string>", line 3, in raise_from
  File "/home/airflow/.local/lib/python3.12/site-packages/urllib3/connectionpool.py", line 462, in _make_request
    httplib_response = conn.getresponse()
                       ^^^^^^^^^^^^^^^^^^
  File "/usr/local/lib/python3.12/http/client.py", line 1423, in getresponse
    response.begin()
  File "/usr/local/lib/python3.12/http/client.py", line 331, in begin
    version, status, reason = self._read_status()
                              ^^^^^^^^^^^^^^^^^^^
  File "/usr/local/lib/python3.12/http/client.py", line 292, in _read_status
    line = str(self.fp.readline(_MAXLINE + 1), "iso-8859-1")
               ^^^^^^^^^^^^^^^^^^^^^^^^^^^^^^
  File "/usr/local/lib/python3.12/socket.py", line 707, in readinto
    return self._sock.recv_into(b)
           ^^^^^^^^^^^^^^^^^^^^^^^
  File "/usr/local/lib/python3.12/ssl.py", line 1252, in recv_into
    return self.read(nbytes, buffer)
           ^^^^^^^^^^^^^^^^^^^^^^^^^
  File "/usr/local/lib/python3.12/ssl.py", line 1104, in read
    return self._sslobj.read(len, buffer)
           ^^^^^^^^^^^^^^^^^^^^^^^^^^^^^^
  File "/home/airflow/.local/lib/python3.12/site-packages/airflow/models/taskinstance.py", line 2609, in signal_handler
    raise AirflowTaskTerminated("Task received SIGTERM signal")
airflow.exceptions.AirflowTaskTerminated: Task received SIGTERM signal
[2026-03-21T15:52:41.549+0000] {taskinstance.py:1205} INFO - Marking task as UP_FOR_RETRY. dag_id=isr_pipeline, task_id=parse_competition, map_index=11, execution_date=20260321T143332, start_date=20260321T154002, end_date=20260321T155241
[2026-03-21T15:52:41.685+0000] {process_utils.py:80} INFO - Process psutil.Process(pid=1669, status='terminated', exitcode=2, started='15:40:02') (1669) terminated with exit code 2
