[2026-03-21T15:52:33.668+0000] {local_task_job_runner.py:120} INFO - ::group::Pre task execution logs
[2026-03-21T15:52:36.575+0000] {taskinstance.py:2073} INFO - Dependencies all met for dep_context=non-requeueable deps ti=<TaskInstance: isr_pipeline.parse_competition manual__2026-03-21T14:33:32.851998+00:00 map_index=12 [None]>
[2026-03-21T15:52:36.951+0000] {taskinstance.py:2073} INFO - Dependencies all met for dep_context=requeueable deps ti=<TaskInstance: isr_pipeline.parse_competition manual__2026-03-21T14:33:32.851998+00:00 map_index=12 [None]>
[2026-03-21T15:52:37.385+0000] {taskinstance.py:2303} INFO - Starting attempt 2 of 4
[2026-03-21T15:52:38.355+0000] {taskinstance.py:2327} INFO - Executing <Mapped(_PythonDecoratedOperator): parse_competition> on 2026-03-21 14:33:32.851998+00:00
[2026-03-21T15:52:38.900+0000] {logging_mixin.py:188} WARNING - /home/***/.local/lib/python3.12/site-packages/***/task/task_runner/standard_task_runner.py:61 DeprecationWarning: This process (pid=2828) is multi-threaded, use of fork() may lead to deadlocks in the child.
[2026-03-21T15:52:38.908+0000] {standard_task_runner.py:63} INFO - Started process 2851 to run task
[2026-03-21T15:52:38.923+0000] {standard_task_runner.py:90} INFO - Running: ['***', 'tasks', 'run', 'isr_pipeline', 'parse_competition', 'manual__2026-03-21T14:33:32.851998+00:00', '--job-id', '90', '--raw', '--subdir', 'DAGS_FOLDER/isr_pipeline.py', '--cfg-path', '/tmp/tmp7169iqt9', '--map-index', '12']
[2026-03-21T15:52:39.128+0000] {standard_task_runner.py:91} INFO - Job 90: Subtask parse_competition
[2026-03-21T15:52:40.629+0000] {task_command.py:426} INFO - Running <TaskInstance: isr_pipeline.parse_competition manual__2026-03-21T14:33:32.851998+00:00 map_index=12 [running]> on host 2f5621df97c4
[2026-03-21T15:52:41.690+0000] {taskinstance.py:2644} INFO - Exporting env vars: AIRFLOW_CTX_DAG_OWNER='***' AIRFLOW_CTX_DAG_ID='isr_pipeline' AIRFLOW_CTX_TASK_ID='parse_competition' AIRFLOW_CTX_EXECUTION_DATE='2026-03-21T14:33:32.851998+00:00' AIRFLOW_CTX_TRY_NUMBER='2' AIRFLOW_CTX_DAG_RUN_ID='manual__2026-03-21T14:33:32.851998+00:00'
[2026-03-21T15:52:41.694+0000] {taskinstance.py:430} INFO - ::endgroup::
[2026-03-21T15:52:42.833+0000] {isr_pipeline.py:107} INFO - parse_competition: starting ××××¤××ª ××©×¨×× ××¨× × ××××¡××¨×¡ ××§×¨×××¨××× ×× ×××××× (isr=6603)
[2026-03-21T15:52:44.481+0000] {parser.py:95} INFO -   Loading session: https://loglig.com:2053/LeagueTable/AthleticsDisciplines/12272
[2026-03-21T15:52:52.987+0000] {parser.py:146} INFO -     Race 1: 200m FREE F  — 40 results, 7 with splits
[2026-03-21T15:52:59.752+0000] {parser.py:146} INFO -     Race 2: 200m FREE M  — 65 results, 57 with splits
[2026-03-21T15:53:04.463+0000] {parser.py:146} INFO -     Race 3: 100m BREAST F  — 32 results, 31 with splits
[2026-03-21T15:53:11.249+0000] {parser.py:146} INFO -     Race 4: 100m BREAST M  — 59 results, 54 with splits
[2026-03-21T15:53:16.136+0000] {parser.py:146} INFO -     Race 5: 50m FLY F  — 39 results, 0 with splits
[2026-03-21T15:53:23.356+0000] {parser.py:146} INFO -     Race 6: 50m FLY M  — 82 results, 0 with splits
[2026-03-21T15:53:25.523+0000] {parser.py:146} INFO -     Race 7: 400m IM F  — 5 results, 3 with splits
[2026-03-21T15:53:27.898+0000] {parser.py:146} INFO -     Race 8: 400m IM M  — 9 results, 8 with splits
[2026-03-21T15:53:32.727+0000] {parser.py:146} INFO -     Race 9: 50m MEDLEY F RELAY — 10 results, 0 with splits
[2026-03-21T15:53:41.582+0000] {parser.py:146} INFO -     Race 10: 50m MEDLEY M RELAY — 26 results, 0 with splits
[2026-03-21T15:53:46.841+0000] {parser.py:146} INFO -     Race 11: 50m BREAST F  — 44 results, 0 with splits
[2026-03-21T15:53:54.964+0000] {parser.py:146} INFO -     Race 12: 50m BREAST M  — 76 results, 0 with splits
[2026-03-21T15:53:59.756+0000] {parser.py:146} INFO -     Race 13: 100m BACK F  — 37 results, 26 with splits
[2026-03-21T15:54:05.879+0000] {parser.py:146} INFO -     Race 14: 100m BACK M  — 53 results, 50 with splits
[2026-03-21T15:54:09.841+0000] {parser.py:146} INFO -     Race 15: 400m FREE F  — 22 results, 14 with splits
[2026-03-21T15:54:15.839+0000] {parser.py:146} INFO -     Race 16: 400m FREE M  — 45 results, 34 with splits
[2026-03-21T15:54:25.191+0000] {parser.py:146} INFO -     Race 17: 50m FREE MIX RELAY — 27 results, 0 with splits
[2026-03-21T15:54:28.645+0000] {parser.py:146} INFO -     Race 19: 200m IM F  — 22 results, 20 with splits
[2026-03-21T15:54:34.494+0000] {parser.py:146} INFO -     Race 20: 200m IM M  — 53 results, 40 with splits
[2026-03-21T15:54:40.026+0000] {parser.py:146} INFO -     Race 21: 50m FREE F  — 44 results, 0 with splits
