[2026-03-21T15:35:17.111+0000] {local_task_job_runner.py:120} INFO - ::group::Pre task execution logs
[2026-03-21T15:35:17.394+0000] {taskinstance.py:2073} INFO - Dependencies all met for dep_context=non-requeueable deps ti=<TaskInstance: isr_pipeline.parse_competition scheduled__2026-03-20T06:00:00+00:00 map_index=2 [queued]>
[2026-03-21T15:35:17.515+0000] {taskinstance.py:2073} INFO - Dependencies all met for dep_context=requeueable deps ti=<TaskInstance: isr_pipeline.parse_competition scheduled__2026-03-20T06:00:00+00:00 map_index=2 [queued]>
[2026-03-21T15:35:17.517+0000] {taskinstance.py:2303} INFO - Starting attempt 4 of 4
[2026-03-21T15:35:17.618+0000] {taskinstance.py:2327} INFO - Executing <Mapped(_PythonDecoratedOperator): parse_competition> on 2026-03-20 06:00:00+00:00
[2026-03-21T15:35:17.682+0000] {standard_task_runner.py:90} INFO - Running: ['***', 'tasks', 'run', 'isr_pipeline', 'parse_competition', 'scheduled__2026-03-20T06:00:00+00:00', '--job-id', '66', '--raw', '--subdir', 'DAGS_FOLDER/isr_pipeline.py', '--cfg-path', '/tmp/tmp4n22jcxz', '--map-index', '2']
[2026-03-21T15:35:17.687+0000] {standard_task_runner.py:91} INFO - Job 66: Subtask parse_competition
[2026-03-21T15:35:17.722+0000] {logging_mixin.py:188} WARNING - /home/***/.local/lib/python3.12/site-packages/***/task/task_runner/standard_task_runner.py:61 DeprecationWarning: This process (pid=299) is multi-threaded, use of fork() may lead to deadlocks in the child.
[2026-03-21T15:35:17.724+0000] {standard_task_runner.py:63} INFO - Started process 317 to run task
[2026-03-21T15:35:18.020+0000] {task_command.py:426} INFO - Running <TaskInstance: isr_pipeline.parse_competition scheduled__2026-03-20T06:00:00+00:00 map_index=2 [running]> on host 2f5621df97c4
[2026-03-21T15:35:18.591+0000] {taskinstance.py:2644} INFO - Exporting env vars: AIRFLOW_CTX_DAG_OWNER='***' AIRFLOW_CTX_DAG_ID='isr_pipeline' AIRFLOW_CTX_TASK_ID='parse_competition' AIRFLOW_CTX_EXECUTION_DATE='2026-03-20T06:00:00+00:00' AIRFLOW_CTX_TRY_NUMBER='4' AIRFLOW_CTX_DAG_RUN_ID='scheduled__2026-03-20T06:00:00+00:00'
[2026-03-21T15:35:18.594+0000] {taskinstance.py:430} INFO - ::endgroup::
[2026-03-21T15:35:20.108+0000] {isr_pipeline.py:107} INFO - parse_competition: starting ××××¤××ª ××©×¨×× arena ×××¨×£ ××××¡××¨×¡ (isr=158)
[2026-03-21T15:35:23.291+0000] {parser.py:95} INFO -   Loading session: https://loglig.com:2053/LeagueTable/AthleticsDisciplines/6051
[2026-03-21T15:35:54.275+0000] {taskinstance.py:441} INFO - ::group::Post task execution logs
[2026-03-21T15:35:54.278+0000] {taskinstance.py:2890} ERROR - Task failed with exception
Traceback (most recent call last):
  File "/home/airflow/.local/lib/python3.12/site-packages/airflow/models/taskinstance.py", line 460, in _execute_task
    result = _execute_callable(context=context, **execute_callable_kwargs)
             ^^^^^^^^^^^^^^^^^^^^^^^^^^^^^^^^^^^^^^^^^^^^^^^^^^^^^^^^^^^^^
  File "/home/airflow/.local/lib/python3.12/site-packages/airflow/models/taskinstance.py", line 432, in _execute_callable
    return execute_callable(context=context, **execute_callable_kwargs)
           ^^^^^^^^^^^^^^^^^^^^^^^^^^^^^^^^^^^^^^^^^^^^^^^^^^^^^^^^^^^^
  File "/home/airflow/.local/lib/python3.12/site-packages/airflow/models/baseoperator.py", line 400, in wrapper
    return func(self, *args, **kwargs)
           ^^^^^^^^^^^^^^^^^^^^^^^^^^^
  File "/home/airflow/.local/lib/python3.12/site-packages/airflow/decorators/base.py", line 265, in execute
    return_value = super().execute(context)
                   ^^^^^^^^^^^^^^^^^^^^^^^^
  File "/home/airflow/.local/lib/python3.12/site-packages/airflow/models/baseoperator.py", line 400, in wrapper
    return func(self, *args, **kwargs)
           ^^^^^^^^^^^^^^^^^^^^^^^^^^^
  File "/home/airflow/.local/lib/python3.12/site-packages/airflow/operators/python.py", line 235, in execute
    return_value = self.execute_callable()
                   ^^^^^^^^^^^^^^^^^^^^^^^
  File "/home/airflow/.local/lib/python3.12/site-packages/airflow/operators/python.py", line 252, in execute_callable
    return self.python_callable(*self.op_args, **self.op_kwargs)
           ^^^^^^^^^^^^^^^^^^^^^^^^^^^^^^^^^^^^^^^^^^^^^^^^^^^^^
  File "/opt/airflow/dags/isr_pipeline.py", line 113, in parse_competition
    doc  = _parse(comp, registry, page)
           ^^^^^^^^^^^^^^^^^^^^^^^^^^^^
  File "/opt/airflow/project/parser.py", line 96, in parse_competition
    page.goto(disciplines_url, wait_until="domcontentloaded", timeout=30000)
  File "/home/airflow/.local/lib/python3.12/site-packages/playwright/sync_api/_generated.py", line 8686, in goto
    self._sync(
  File "/home/airflow/.local/lib/python3.12/site-packages/playwright/_impl/_sync_base.py", line 115, in _sync
    return task.result()
           ^^^^^^^^^^^^^
  File "/home/airflow/.local/lib/python3.12/site-packages/playwright/_impl/_page.py", line 519, in goto
    return await self._main_frame.goto(**locals_to_params(locals()))
           ^^^^^^^^^^^^^^^^^^^^^^^^^^^^^^^^^^^^^^^^^^^^^^^^^^^^^^^^^
  File "/home/airflow/.local/lib/python3.12/site-packages/playwright/_impl/_frame.py", line 145, in goto
    await self._channel.send("goto", locals_to_params(locals()))
  File "/home/airflow/.local/lib/python3.12/site-packages/playwright/_impl/_connection.py", line 59, in send
    return await self._connection.wrap_api_call(
           ^^^^^^^^^^^^^^^^^^^^^^^^^^^^^^^^^^^^^
  File "/home/airflow/.local/lib/python3.12/site-packages/playwright/_impl/_connection.py", line 514, in wrap_api_call
    raise rewrite_error(error, f"{parsed_st['apiName']}: {error}") from None
playwright._impl._errors.TimeoutError: Page.goto: Timeout 30000ms exceeded.
Call log:
navigating to "https://loglig.com:2053/LeagueTable/AthleticsDisciplines/6051", waiting until "domcontentloaded"

[2026-03-21T15:35:54.468+0000] {taskinstance.py:1205} INFO - Marking task as FAILED. dag_id=isr_pipeline, task_id=parse_competition, map_index=2, execution_date=20260320T060000, start_date=20260321T153517, end_date=20260321T153554
[2026-03-21T15:35:54.557+0000] {standard_task_runner.py:110} ERROR - Failed to execute job 66 for task parse_competition (Page.goto: Timeout 30000ms exceeded.
Call log:
navigating to "https://loglig.com:2053/LeagueTable/AthleticsDisciplines/6051", waiting until "domcontentloaded"
; 317)
[2026-03-21T15:35:54.657+0000] {local_task_job_runner.py:240} INFO - Task exited with return code 1
[2026-03-21T15:35:54.956+0000] {taskinstance.py:3482} INFO - 0 downstream tasks scheduled from follow-on schedule check
[2026-03-21T15:35:54.968+0000] {local_task_job_runner.py:222} INFO - ::endgroup::
