[2026-03-26T12:10:26.153+0000] {local_task_job_runner.py:120} INFO - ::group::Pre task execution logs
[2026-03-26T12:10:26.248+0000] {taskinstance.py:2073} INFO - Dependencies all met for dep_context=non-requeueable deps ti=<TaskInstance: isr_pipeline.parse_competition manual__2026-03-21T14:33:32.851998+00:00 map_index=7 [queued]>
[2026-03-26T12:10:26.268+0000] {taskinstance.py:2073} INFO - Dependencies all met for dep_context=requeueable deps ti=<TaskInstance: isr_pipeline.parse_competition manual__2026-03-21T14:33:32.851998+00:00 map_index=7 [queued]>
[2026-03-26T12:10:26.269+0000] {taskinstance.py:2303} INFO - Starting attempt 2 of 4
[2026-03-26T12:10:26.296+0000] {taskinstance.py:2327} INFO - Executing <Mapped(_PythonDecoratedOperator): parse_competition> on 2026-03-21 14:33:32.851998+00:00
[2026-03-26T12:10:26.313+0000] {standard_task_runner.py:90} INFO - Running: ['***', 'tasks', 'run', 'isr_pipeline', 'parse_competition', 'manual__2026-03-21T14:33:32.851998+00:00', '--job-id', '93', '--raw', '--subdir', 'DAGS_FOLDER/isr_pipeline.py', '--cfg-path', '/tmp/tmp0gb_4mvm', '--map-index', '7']
[2026-03-26T12:10:26.317+0000] {standard_task_runner.py:91} INFO - Job 93: Subtask parse_competition
[2026-03-26T12:10:26.317+0000] {logging_mixin.py:188} WARNING - /home/***/.local/lib/python3.12/site-packages/***/task/task_runner/standard_task_runner.py:61 DeprecationWarning: This process (pid=171) is multi-threaded, use of fork() may lead to deadlocks in the child.
[2026-03-26T12:10:26.319+0000] {standard_task_runner.py:63} INFO - Started process 181 to run task
[2026-03-26T12:10:26.460+0000] {task_command.py:426} INFO - Running <TaskInstance: isr_pipeline.parse_competition manual__2026-03-21T14:33:32.851998+00:00 map_index=7 [running]> on host 2f5621df97c4
[2026-03-26T12:10:26.823+0000] {taskinstance.py:2644} INFO - Exporting env vars: AIRFLOW_CTX_DAG_OWNER='***' AIRFLOW_CTX_DAG_ID='isr_pipeline' AIRFLOW_CTX_TASK_ID='parse_competition' AIRFLOW_CTX_EXECUTION_DATE='2026-03-21T14:33:32.851998+00:00' AIRFLOW_CTX_TRY_NUMBER='2' AIRFLOW_CTX_DAG_RUN_ID='manual__2026-03-21T14:33:32.851998+00:00'
[2026-03-26T12:10:26.826+0000] {taskinstance.py:430} INFO - ::endgroup::
[2026-03-26T12:10:27.674+0000] {isr_pipeline.py:107} INFO - parse_competition: starting ××××¤××ª ××©×¨×× arena ××××¡××¨×¡ ×××¨××××ª ×§×¦×¨××ª (isr=321)
[2026-03-26T12:10:29.966+0000] {parser.py:95} INFO -   Loading session: https://loglig.com:2053/LeagueTable/AthleticsDisciplines/8064
[2026-03-26T12:10:40.170+0000] {parser.py:146} INFO -     Race 1: 800m FREE F  — 18 results, 14 with splits
[2026-03-26T12:10:48.966+0000] {parser.py:146} INFO -     Race 2: 800m FREE M  — 26 results, 11 with splits
[2026-03-26T12:10:58.534+0000] {parser.py:146} INFO -     Race 3: 50m BREAST F  — 47 results, 0 with splits
[2026-03-26T12:11:10.376+0000] {parser.py:146} INFO -     Race 4: 50m BREAST M  — 73 results, 0 with splits
[2026-03-26T12:11:14.624+0000] {parser.py:146} INFO -     Race 5: 100m FLY F  — 8 results, 8 with splits
[2026-03-26T12:11:23.679+0000] {parser.py:146} INFO -     Race 6: 100m FLY M  — 33 results, 29 with splits
[2026-03-26T12:11:32.418+0000] {parser.py:146} INFO -     Race 7: 100m IM F  — 45 results, 42 with splits
[2026-03-26T12:11:43.503+0000] {parser.py:146} INFO -     Race 8: 100m IM M  — 75 results, 66 with splits
[2026-03-26T12:11:49.590+0000] {parser.py:146} INFO -     Race 9: 100m BACK F  — 27 results, 26 with splits
[2026-03-26T12:11:57.872+0000] {parser.py:146} INFO -     Race 10: 100m BACK M  — 42 results, 38 with splits
[2026-03-26T12:12:08.835+0000] {parser.py:146} INFO -     Race 11: 50m MEDLEY F RELAY — 20 results, 0 with splits
[2026-03-26T12:12:21.625+0000] {parser.py:146} INFO -     Race 12: 50m MEDLEY M RELAY — 24 results, 0 with splits
[2026-03-26T12:12:30.558+0000] {parser.py:146} INFO -     Race 13: 100m FREE F  — 50 results, 46 with splits
[2026-03-26T12:12:41.911+0000] {parser.py:146} INFO -     Race 14: 100m FREE M  — 93 results, 81 with splits
[2026-03-26T12:12:47.600+0000] {parser.py:146} INFO -     Race 15: 200m BREAST F  — 22 results, 21 with splits
[2026-03-26T12:12:54.869+0000] {parser.py:146} INFO -     Race 16: 200m BREAST M  — 34 results, 30 with splits
[2026-03-26T12:13:01.239+0000] {parser.py:146} INFO -     Race 17: 50m FLY F  — 36 results, 0 with splits
[2026-03-26T12:13:10.015+0000] {parser.py:146} INFO -     Race 18: 50m FLY M  — 65 results, 0 with splits
[2026-03-26T12:13:13.085+0000] {parser.py:146} INFO -     Race 19: 400m IM F  — 4 results, 4 with splits
[2026-03-26T12:13:19.015+0000] {parser.py:146} INFO -     Race 20: 400m IM M  — 20 results, 20 with splits
[2026-03-26T12:13:32.297+0000] {parser.py:146} INFO -     Race 21: 50m FREE MIX RELAY — 25 results, 0 with splits
[2026-03-26T12:13:38.635+0000] {parser.py:146} INFO -     Race 23: 400m FREE F  — 23 results, 18 with splits
[2026-03-26T12:13:46.877+0000] {parser.py:146} INFO -     Race 24: 400m FREE M  — 41 results, 33 with splits
[2026-03-26T12:13:52.692+0000] {parser.py:146} INFO -     Race 25: 200m BACK F  — 20 results, 19 with splits
[2026-03-26T12:13:58.904+0000] {parser.py:146} INFO -     Race 26: 200m BACK M  — 31 results, 22 with splits
[2026-03-26T12:14:08.427+0000] {parser.py:146} INFO -     Race 27: 50m FREE F  — 56 results, 0 with splits
[2026-03-26T12:14:18.883+0000] {parser.py:146} INFO -     Race 28: 50m FREE M  — 84 results, 0 with splits
[2026-03-26T12:14:23.553+0000] {parser.py:146} INFO -     Race 29: 200m IM F  — 18 results, 17 with splits
[2026-03-26T12:14:30.478+0000] {parser.py:146} INFO -     Race 30: 200m IM M  — 36 results, 30 with splits
[2026-03-26T12:14:40.759+0000] {parser.py:146} INFO -     Race 31: 50m FREE F RELAY — 19 results, 0 with splits
[2026-03-26T12:14:52.249+0000] {parser.py:146} INFO -     Race 32: 50m FREE M RELAY — 24 results, 0 with splits
[2026-03-26T12:14:58.740+0000] {parser.py:146} INFO -     Race 33: 50m BACK F  — 39 results, 0 with splits
[2026-03-26T12:15:06.667+0000] {parser.py:146} INFO -     Race 34: 50m BACK M  — 44 results, 0 with splits
[2026-03-26T12:15:13.540+0000] {parser.py:146} INFO -     Race 35: 200m FREE F  — 37 results, 33 with splits
[2026-03-26T12:15:21.842+0000] {parser.py:146} INFO -     Race 36: 200m FREE M  — 58 results, 47 with splits
[2026-03-26T12:15:27.526+0000] {parser.py:146} INFO -     Race 37: 100m BREAST F  — 35 results, 28 with splits
[2026-03-26T12:15:34.523+0000] {parser.py:146} INFO -     Race 38: 100m BREAST M  — 47 results, 41 with splits
[2026-03-26T12:15:37.191+0000] {parser.py:146} INFO -     Race 39: 200m FLY F  — 5 results, 5 with splits
[2026-03-26T12:15:41.238+0000] {parser.py:146} INFO -     Race 40: 200m FLY M  — 19 results, 16 with splits
[2026-03-26T12:15:52.380+0000] {parser.py:146} INFO -     Race 41: 50m MEDLEY MIX RELAY — 24 results, 0 with splits
[2026-03-26T12:15:52.477+0000] {isr_pipeline.py:115} INFO -   parsed: races=40 ind=1311 relay=136 swimmers=425
[2026-03-26T12:15:52.777+0000] {storage.py:45} INFO -   Saved: ××××¤××ª ××©×¨×× arena ××××¡××¨×¡ ×××¨××××ª ×§×¦×¨××ª  (40 races, 1311 ind, 136 relay, 425 swimmers)
[2026-03-26T12:15:52.779+0000] {isr_pipeline.py:127} INFO -   files saved
[2026-03-26T12:15:55.636+0000] {document_writer.py:64} INFO -   wrote: 37 clubs  425 swimmers  40 events  1311 results  136 relay results
[2026-03-26T12:15:55.638+0000] {isr_pipeline.py:131} INFO -   DB write complete
[2026-03-26T12:15:55.641+0000] {python.py:237} INFO - Done. Returned value was: 321
[2026-03-26T12:15:55.642+0000] {taskinstance.py:441} INFO - ::group::Post task execution logs
[2026-03-26T12:15:55.680+0000] {taskinstance.py:1205} INFO - Marking task as SUCCESS. dag_id=isr_pipeline, task_id=parse_competition, map_index=7, execution_date=20260321T143332, start_date=20260326T121026, end_date=20260326T121555
[2026-03-26T12:15:55.784+0000] {local_task_job_runner.py:240} INFO - Task exited with return code 0
[2026-03-26T12:15:55.805+0000] {taskinstance.py:3482} INFO - 0 downstream tasks scheduled from follow-on schedule check
[2026-03-26T12:15:55.809+0000] {local_task_job_runner.py:222} INFO - ::endgroup::
