[2026-03-21T15:39:42.484+0000] {local_task_job_runner.py:120} INFO - ::group::Pre task execution logs
[2026-03-21T15:39:42.524+0000] {taskinstance.py:2073} INFO - Dependencies all met for dep_context=non-requeueable deps ti=<TaskInstance: isr_pipeline.check_for_new_competitions manual__2026-03-21T14:33:32.851998+00:00 [queued]>
[2026-03-21T15:39:42.533+0000] {taskinstance.py:2073} INFO - Dependencies all met for dep_context=requeueable deps ti=<TaskInstance: isr_pipeline.check_for_new_competitions manual__2026-03-21T14:33:32.851998+00:00 [queued]>
[2026-03-21T15:39:42.534+0000] {taskinstance.py:2303} INFO - Starting attempt 1 of 4
[2026-03-21T15:39:42.611+0000] {taskinstance.py:2327} INFO - Executing <Task(_ShortCircuitDecoratedOperator): check_for_new_competitions> on 2026-03-21 14:33:32.851998+00:00
[2026-03-21T15:39:42.631+0000] {standard_task_runner.py:90} INFO - Running: ['***', 'tasks', 'run', 'isr_pipeline', 'check_for_new_competitions', 'manual__2026-03-21T14:33:32.851998+00:00', '--job-id', '73', '--raw', '--subdir', 'DAGS_FOLDER/isr_pipeline.py', '--cfg-path', '/tmp/tmpkhoqq6u_']
[2026-03-21T15:39:42.633+0000] {standard_task_runner.py:91} INFO - Job 73: Subtask check_for_new_competitions
[2026-03-21T15:39:42.638+0000] {logging_mixin.py:188} WARNING - /home/***/.local/lib/python3.12/site-packages/***/task/task_runner/standard_task_runner.py:61 DeprecationWarning: This process (pid=1642) is multi-threaded, use of fork() may lead to deadlocks in the child.
[2026-03-21T15:39:42.639+0000] {standard_task_runner.py:63} INFO - Started process 1643 to run task
[2026-03-21T15:39:42.708+0000] {task_command.py:426} INFO - Running <TaskInstance: isr_pipeline.check_for_new_competitions manual__2026-03-21T14:33:32.851998+00:00 [running]> on host 2f5621df97c4
[2026-03-21T15:39:42.815+0000] {taskinstance.py:2644} INFO - Exporting env vars: AIRFLOW_CTX_DAG_OWNER='***' AIRFLOW_CTX_DAG_ID='isr_pipeline' AIRFLOW_CTX_TASK_ID='check_for_new_competitions' AIRFLOW_CTX_EXECUTION_DATE='2026-03-21T14:33:32.851998+00:00' AIRFLOW_CTX_TRY_NUMBER='1' AIRFLOW_CTX_DAG_RUN_ID='manual__2026-03-21T14:33:32.851998+00:00'
[2026-03-21T15:39:42.820+0000] {taskinstance.py:430} INFO - ::endgroup::
[2026-03-21T15:39:42.972+0000] {scraper.py:62} INFO - Fetching ISR competition list...
[2026-03-21T15:39:43.221+0000] {scraper.py:72} INFO - Found 26 competitions on list page
[2026-03-21T15:39:43.331+0000] {scraper.py:78} INFO -   SKIP (no loglig iframe): ××××¤××ª ××××¡××¨×¡ ×××¨×£ 2020
[2026-03-21T15:39:43.383+0000] {scraper.py:78} INFO -   SKIP (no loglig iframe): ×ª××¨××ª ×¡××× ×¢×× × - ×××¡××¨×¡
[2026-03-21T15:39:43.433+0000] {scraper.py:78} INFO -   SKIP (no loglig iframe): ××©×× ×§×¨× ×× ×××¨ ××××¡××¨×¡
[2026-03-21T15:39:43.484+0000] {scraper.py:78} INFO -   SKIP (no loglig iframe): ××××¤××ª ×¤×ª×××ª ××¢×× × ××××¡××¨×¡
[2026-03-21T15:39:43.532+0000] {scraper.py:78} INFO -   SKIP (no loglig iframe): ×××× ××××¡××¨×¡ - ×××××¨ 1
[2026-03-21T15:39:43.580+0000] {scraper.py:78} INFO -   SKIP (no loglig iframe): ×××× ××××¡××¨×¡ - ×××××¨ 2
[2026-03-21T15:39:44.213+0000] {scraper.py:102} INFO -   OK  ××××¤××ª ××©×¨×× ××××¡××¨×¡  loglig=5628  dates=[]  races=38
[2026-03-21T15:39:44.487+0000] {scraper.py:102} INFO -   OK  ×××× ××××¡××¨×¡ - ×©×××  loglig=6016  dates=[]  races=10
[2026-03-21T15:39:45.208+0000] {scraper.py:102} INFO -   OK  ××××¤××ª ××©×¨×× arena ×××¨×£ ××××¡××¨×¡  loglig=6051  dates=[]  races=40
[2026-03-21T15:39:45.442+0000] {scraper.py:102} INFO -   OK  ×××× ××××¡××¨×¡ - TLV × ×××¡  loglig=6286  dates=[]  races=10
[2026-03-21T15:39:46.049+0000] {scraper.py:102} INFO -   OK  ××××¤××ª ××©×¨×× arena ××××¡××¨×¡  loglig=6376  dates=[]  races=38
[2026-03-21T15:39:46.320+0000] {scraper.py:102} INFO -   OK  ××××¢ ×§×¨× ×× ×××¨  loglig=6643  dates=[]  races=19
[2026-03-21T15:39:46.586+0000] {scraper.py:102} INFO -   OK  ×ª××¨××ª ××× × ×××××× ××××¡××¨×¡  loglig=7002  dates=[]  races=26
[2026-03-21T15:39:47.030+0000] {scraper.py:102} INFO -   OK  Maccabiah Masters  loglig=7009  dates=[]  races=32
[2026-03-21T15:39:47.075+0000] {scraper.py:78} INFO -   SKIP (no loglig iframe): ×××¡××¨ ×¤××¡××¨
[2026-03-21T15:39:47.591+0000] {scraper.py:102} INFO -   OK  ××××¤××ª ××©×¨×× arena ××××¡××¨×¡ ×××¨××××ª ×§×¦×¨××ª  loglig=8064  dates=[]  races=40
[2026-03-21T15:39:47.835+0000] {scraper.py:102} INFO -   OK  ××××¤××ª ×××× - ×××¡××¨×¡  loglig=8818  dates=[]  races=14
[2026-03-21T15:39:48.412+0000] {scraper.py:102} INFO -   OK  ××××¤××ª ××©×¨×× arena ××××¡××¨×¡  loglig=9018  dates=[]  races=38
[2026-03-21T15:39:48.927+0000] {scraper.py:102} INFO -   OK  ××××¤××ª ××©×¨×× arena ××××¡××¨×¡ ×××¨××××ª ×§×¦×¨××ª  loglig=10235  dates=[]  races=40
[2026-03-21T15:39:49.439+0000] {scraper.py:102} INFO -   OK  ××××¤××ª ××©×¨×× arena ××××¡××¨×¡  loglig=10934  dates=[]  races=38
[2026-03-21T15:39:49.951+0000] {scraper.py:102} INFO -   OK  ××××¤××ª ××©×¨×× ××¨× × ××××¡××¨×¡ ×××¨××××ª ×§×¦×¨××ª  loglig=11586  dates=[]  races=40
[2026-03-21T15:39:50.463+0000] {scraper.py:102} INFO -   OK  ××××¤××ª ××©×¨×× ××¨× × ××××¡××¨×¡ ××§×¨×××¨××× ×× ××××××  loglig=12272  dates=[]  races=38
[2026-03-21T15:39:50.750+0000] {scraper.py:102} INFO -   OK  ×××× ×××¡××¨×× ××××¡××  loglig=13763  dates=[]  races=20
[2026-03-21T15:39:51.209+0000] {scraper.py:102} INFO -   OK  ××××¤××ª ××©×¨×× "××¨× ×" ×××¨×£ ×××¡××¨×¡ 2025  loglig=13805  dates=[]  races=40
[2026-03-21T15:39:51.259+0000] {scraper.py:78} INFO -   SKIP (no loglig iframe): ××××¤××ª ××©×¨×× "××¨× ×" ×××¡××¨×¡ ×§××¥ 2026
[2026-03-21T15:39:51.313+0000] {scraper.py:78} INFO -   SKIP (no loglig iframe): ××××× ×××¡××¨×¡
[2026-03-21T15:39:51.314+0000] {scraper.py:104} INFO - Resolved 17 competitions
[2026-03-21T15:39:51.315+0000] {isr_pipeline.py:59} INFO - check_for_new: 17 total, 14 new
[2026-03-21T15:39:51.316+0000] {python.py:237} INFO - Done. Returned value was: True
[2026-03-21T15:39:51.317+0000] {python.py:304} INFO - Condition result is True
[2026-03-21T15:39:51.318+0000] {python.py:307} INFO - Proceeding with downstream tasks...
[2026-03-21T15:39:51.318+0000] {taskinstance.py:441} INFO - ::group::Post task execution logs
[2026-03-21T15:39:51.351+0000] {taskinstance.py:1205} INFO - Marking task as SUCCESS. dag_id=isr_pipeline, task_id=check_for_new_competitions, execution_date=20260321T143332, start_date=20260321T153942, end_date=20260321T153951
[2026-03-21T15:39:51.419+0000] {local_task_job_runner.py:240} INFO - Task exited with return code 0
[2026-03-21T15:39:51.460+0000] {taskinstance.py:3482} INFO - 1 downstream tasks scheduled from follow-on schedule check
[2026-03-21T15:39:51.462+0000] {local_task_job_runner.py:222} INFO - ::endgroup::
