[2026-03-21T15:40:02.836+0000] {local_task_job_runner.py:120} INFO - ::group::Pre task execution logs
[2026-03-21T15:40:03.020+0000] {taskinstance.py:2073} INFO - Dependencies all met for dep_context=non-requeueable deps ti=<TaskInstance: isr_pipeline.parse_competition manual__2026-03-21T14:33:32.851998+00:00 map_index=4 [queued]>
[2026-03-21T15:40:03.046+0000] {taskinstance.py:2073} INFO - Dependencies all met for dep_context=requeueable deps ti=<TaskInstance: isr_pipeline.parse_competition manual__2026-03-21T14:33:32.851998+00:00 map_index=4 [queued]>
[2026-03-21T15:40:03.047+0000] {taskinstance.py:2303} INFO - Starting attempt 1 of 4
[2026-03-21T15:40:03.080+0000] {taskinstance.py:2327} INFO - Executing <Mapped(_PythonDecoratedOperator): parse_competition> on 2026-03-21 14:33:32.851998+00:00
[2026-03-21T15:40:03.105+0000] {standard_task_runner.py:90} INFO - Running: ['***', 'tasks', 'run', 'isr_pipeline', 'parse_competition', 'manual__2026-03-21T14:33:32.851998+00:00', '--job-id', '87', '--raw', '--subdir', 'DAGS_FOLDER/isr_pipeline.py', '--cfg-path', '/tmp/tmp8l36i1kb', '--map-index', '4']
[2026-03-21T15:40:03.116+0000] {standard_task_runner.py:91} INFO - Job 87: Subtask parse_competition
[2026-03-21T15:40:03.115+0000] {logging_mixin.py:188} WARNING - /home/***/.local/lib/python3.12/site-packages/***/task/task_runner/standard_task_runner.py:61 DeprecationWarning: This process (pid=1657) is multi-threaded, use of fork() may lead to deadlocks in the child.
[2026-03-21T15:40:03.122+0000] {standard_task_runner.py:63} INFO - Started process 1676 to run task
[2026-03-21T15:40:03.340+0000] {task_command.py:426} INFO - Running <TaskInstance: isr_pipeline.parse_competition manual__2026-03-21T14:33:32.851998+00:00 map_index=4 [running]> on host 2f5621df97c4
[2026-03-21T15:40:03.724+0000] {taskinstance.py:2644} INFO - Exporting env vars: AIRFLOW_CTX_DAG_OWNER='***' AIRFLOW_CTX_DAG_ID='isr_pipeline' AIRFLOW_CTX_TASK_ID='parse_competition' AIRFLOW_CTX_EXECUTION_DATE='2026-03-21T14:33:32.851998+00:00' AIRFLOW_CTX_TRY_NUMBER='1' AIRFLOW_CTX_DAG_RUN_ID='manual__2026-03-21T14:33:32.851998+00:00'
[2026-03-21T15:40:03.725+0000] {taskinstance.py:430} INFO - ::endgroup::
[2026-03-21T15:40:05.102+0000] {isr_pipeline.py:107} INFO - parse_competition: starting ××××¢ ×§×¨× ×× ×××¨ (isr=269)
[2026-03-21T15:40:07.822+0000] {parser.py:95} INFO -   Loading session: https://loglig.com:2053/LeagueTable/AthleticsDisciplines/6643
[2026-03-21T15:40:21.137+0000] {parser.py:100} WARNING -   No results table for ××××¢ ×§×¨× ×× ×××¨
[2026-03-21T15:40:23.907+0000] {isr_pipeline.py:115} INFO -   parsed: races=0 ind=0 relay=0 swimmers=0
[2026-03-21T15:40:23.914+0000] {taskinstance.py:441} INFO - ::group::Post task execution logs
[2026-03-21T15:40:23.916+0000] {taskinstance.py:2890} ERROR - Task failed with exception
Traceback (most recent call last):
  File "/home/airflow/.local/lib/python3.12/site-packages/airflow/models/taskinstance.py", line 460, in _execute_task
    result = _execute_callable(context=context, **execute_callable_kwargs)
             ^^^^^^^^^^^^^^^^^^^^^^^^^^^^^^^^^^^^^^^^^^^^^^^^^^^^^^^^^^^^^
  File "/home/airflow/.local/lib/python3.12/site-packages/airflow/models/taskinstance.py", line 432, in _execute_callable
    return execute_callable(context=context, **execute_callable_kwargs)
           ^^^^^^^^^^^^^^^^^^^^^^^^^^^^^^^^^^^^^^^^^^^^^^^^^^^^^^^^^^^^
  File "/home/airflow/.local/lib/python3.12/site-packages/airflow/models/baseoperator.py", line 400, in wrapper
    return func(self, *args, **kwargs)
           ^^^^^^^^^^^^^^^^^^^^^^^^^^^
  File "/home/airflow/.local/lib/python3.12/site-packages/airflow/decorators/base.py", line 265, in execute
    return_value = super().execute(context)
                   ^^^^^^^^^^^^^^^^^^^^^^^^
  File "/home/airflow/.local/lib/python3.12/site-packages/airflow/models/baseoperator.py", line 400, in wrapper
    return func(self, *args, **kwargs)
           ^^^^^^^^^^^^^^^^^^^^^^^^^^^
  File "/home/airflow/.local/lib/python3.12/site-packages/airflow/operators/python.py", line 235, in execute
    return_value = self.execute_callable()
                   ^^^^^^^^^^^^^^^^^^^^^^^
  File "/home/airflow/.local/lib/python3.12/site-packages/airflow/operators/python.py", line 252, in execute_callable
    return self.python_callable(*self.op_args, **self.op_kwargs)
           ^^^^^^^^^^^^^^^^^^^^^^^^^^^^^^^^^^^^^^^^^^^^^^^^^^^^^
  File "/opt/airflow/dags/isr_pipeline.py", line 123, in parse_competition
    raise ValueError(f'{comp.isr_id}: 0 scores scraped — will retry')
ValueError: 269: 0 scores scraped — will retry
[2026-03-21T15:40:23.969+0000] {taskinstance.py:1205} INFO - Marking task as UP_FOR_RETRY. dag_id=isr_pipeline, task_id=parse_competition, map_index=4, execution_date=20260321T143332, start_date=20260321T154003, end_date=20260321T154023
[2026-03-21T15:40:24.100+0000] {standard_task_runner.py:110} ERROR - Failed to execute job 87 for task parse_competition (269: 0 scores scraped — will retry; 1676)
[2026-03-21T15:40:24.203+0000] {local_task_job_runner.py:240} INFO - Task exited with return code 1
[2026-03-21T15:40:24.457+0000] {taskinstance.py:3482} INFO - 0 downstream tasks scheduled from follow-on schedule check
[2026-03-21T15:40:24.463+0000] {local_task_job_runner.py:222} INFO - ::endgroup::
