[2026-03-26T12:10:26.220+0000] {local_task_job_runner.py:120} INFO - ::group::Pre task execution logs
[2026-03-26T12:10:26.327+0000] {taskinstance.py:2073} INFO - Dependencies all met for dep_context=non-requeueable deps ti=<TaskInstance: isr_pipeline.parse_competition manual__2026-03-21T14:33:32.851998+00:00 map_index=5 [queued]>
[2026-03-26T12:10:26.368+0000] {taskinstance.py:2073} INFO - Dependencies all met for dep_context=requeueable deps ti=<TaskInstance: isr_pipeline.parse_competition manual__2026-03-21T14:33:32.851998+00:00 map_index=5 [queued]>
[2026-03-26T12:10:26.369+0000] {taskinstance.py:2303} INFO - Starting attempt 2 of 4
[2026-03-26T12:10:26.404+0000] {taskinstance.py:2327} INFO - Executing <Mapped(_PythonDecoratedOperator): parse_competition> on 2026-03-21 14:33:32.851998+00:00
[2026-03-26T12:10:26.426+0000] {logging_mixin.py:188} WARNING - /home/***/.local/lib/python3.12/site-packages/***/task/task_runner/standard_task_runner.py:61 DeprecationWarning: This process (pid=173) is multi-threaded, use of fork() may lead to deadlocks in the child.
[2026-03-26T12:10:26.434+0000] {standard_task_runner.py:63} INFO - Started process 190 to run task
[2026-03-26T12:10:26.438+0000] {standard_task_runner.py:90} INFO - Running: ['***', 'tasks', 'run', 'isr_pipeline', 'parse_competition', 'manual__2026-03-21T14:33:32.851998+00:00', '--job-id', '101', '--raw', '--subdir', 'DAGS_FOLDER/isr_pipeline.py', '--cfg-path', '/tmp/tmp8qswzwgx', '--map-index', '5']
[2026-03-26T12:10:26.447+0000] {standard_task_runner.py:91} INFO - Job 101: Subtask parse_competition
[2026-03-26T12:10:26.679+0000] {task_command.py:426} INFO - Running <TaskInstance: isr_pipeline.parse_competition manual__2026-03-21T14:33:32.851998+00:00 map_index=5 [running]> on host 2f5621df97c4
[2026-03-26T12:10:26.931+0000] {taskinstance.py:2644} INFO - Exporting env vars: AIRFLOW_CTX_DAG_OWNER='***' AIRFLOW_CTX_DAG_ID='isr_pipeline' AIRFLOW_CTX_TASK_ID='parse_competition' AIRFLOW_CTX_EXECUTION_DATE='2026-03-21T14:33:32.851998+00:00' AIRFLOW_CTX_TRY_NUMBER='2' AIRFLOW_CTX_DAG_RUN_ID='manual__2026-03-21T14:33:32.851998+00:00'
[2026-03-26T12:10:26.934+0000] {taskinstance.py:430} INFO - ::endgroup::
[2026-03-26T12:10:27.907+0000] {isr_pipeline.py:107} INFO - parse_competition: starting ×ª××¨××ª ××× × ×××××× ××××¡××¨×¡ (isr=195)
[2026-03-26T12:10:30.010+0000] {parser.py:95} INFO -   Loading session: https://loglig.com:2053/LeagueTable/AthleticsDisciplines/7002
[2026-03-26T12:10:39.400+0000] {parser.py:146} INFO -     Race 1: 200m FREE F  — 13 results, 12 with splits
[2026-03-26T12:10:45.680+0000] {parser.py:146} INFO -     Race 2: 200m FREE M  — 18 results, 14 with splits
[2026-03-26T12:10:50.286+0000] {parser.py:146} INFO -     Race 3: 100m BREAST F  — 7 results, 7 with splits
[2026-03-26T12:10:56.493+0000] {parser.py:146} INFO -     Race 4: 100m BREAST M  — 20 results, 18 with splits
[2026-03-26T12:11:01.721+0000] {parser.py:146} INFO -     Race 5: 50m FLY F  — 9 results, 0 with splits
[2026-03-26T12:11:05.989+0000] {parser.py:146} INFO -     Race 6: 50m FLY M  — 8 results, 0 with splits
[2026-03-26T12:11:09.872+0000] {parser.py:146} INFO -     Race 7: 200m IM F  — 6 results, 5 with splits
[2026-03-26T12:11:15.305+0000] {parser.py:146} INFO -     Race 8: 200m IM M  — 13 results, 12 with splits
[2026-03-26T12:11:20.719+0000] {parser.py:146} INFO -     Race 9: 50m FREE F  — 14 results, 0 with splits
[2026-03-26T12:11:26.993+0000] {parser.py:146} INFO -     Race 10: 50m FREE M  — 24 results, 0 with splits
[2026-03-26T12:11:30.214+0000] {parser.py:146} INFO -     Race 11: 100m FLY F  — 4 results, 4 with splits
[2026-03-26T12:11:34.236+0000] {parser.py:146} INFO -     Race 12: 100m FLY M  — 7 results, 7 with splits
[2026-03-26T12:11:37.702+0000] {parser.py:146} INFO -     Race 13: 200m BACK F  — 7 results, 5 with splits
[2026-03-26T12:11:42.682+0000] {parser.py:146} INFO -     Race 14: 200m BACK M  — 14 results, 10 with splits
[2026-03-26T12:11:47.335+0000] {parser.py:146} INFO -     Race 15: 50m BACK F  — 10 results, 0 with splits
[2026-03-26T12:11:51.558+0000] {parser.py:146} INFO -     Race 16: 50m BACK M  — 12 results, 0 with splits
[2026-03-26T12:11:55.146+0000] {parser.py:146} INFO -     Race 17: 200m BREAST F  — 6 results, 4 with splits
[2026-03-26T12:11:58.915+0000] {parser.py:146} INFO -     Race 18: 200m BREAST M  — 10 results, 9 with splits
[2026-03-26T12:12:03.163+0000] {parser.py:146} INFO -     Race 19: 100m FREE F  — 9 results, 9 with splits
[2026-03-26T12:12:07.325+0000] {parser.py:146} INFO -     Race 20: 100m FREE M  — 10 results, 6 with splits
[2026-03-26T12:12:11.421+0000] {parser.py:146} INFO -     Race 21: 100m BACK F  — 8 results, 5 with splits
[2026-03-26T12:12:15.423+0000] {parser.py:146} INFO -     Race 22: 100m BACK M  — 8 results, 6 with splits
[2026-03-26T12:12:19.095+0000] {parser.py:146} INFO -     Race 23: 400m FREE F  — 5 results, 4 with splits
[2026-03-26T12:12:22.567+0000] {parser.py:146} INFO -     Race 24: 400m FREE M  — 10 results, 7 with splits
[2026-03-26T12:12:25.802+0000] {parser.py:146} INFO -     Race 25: 50m BREAST F  — 5 results, 0 with splits
[2026-03-26T12:12:29.998+0000] {parser.py:146} INFO -     Race 26: 50m BREAST M  — 12 results, 0 with splits
[2026-03-26T12:12:30.054+0000] {isr_pipeline.py:115} INFO -   parsed: races=26 ind=269 relay=0 swimmers=142
[2026-03-26T12:12:30.104+0000] {storage.py:45} INFO -   Saved: ×ª××¨××ª ××× × ×××××× ××××¡××¨×¡  (26 races, 269 ind, 0 relay, 142 swimmers)
[2026-03-26T12:12:30.105+0000] {isr_pipeline.py:127} INFO -   files saved
[2026-03-26T12:12:30.324+0000] {document_writer.py:64} INFO -   wrote: 30 clubs  142 swimmers  26 events  269 results  0 relay results
[2026-03-26T12:12:30.327+0000] {isr_pipeline.py:131} INFO -   DB write complete
[2026-03-26T12:12:30.329+0000] {python.py:237} INFO - Done. Returned value was: 195
[2026-03-26T12:12:30.330+0000] {taskinstance.py:441} INFO - ::group::Post task execution logs
[2026-03-26T12:12:30.365+0000] {taskinstance.py:1205} INFO - Marking task as SUCCESS. dag_id=isr_pipeline, task_id=parse_competition, map_index=5, execution_date=20260321T143332, start_date=20260326T121026, end_date=20260326T121230
[2026-03-26T12:12:30.430+0000] {local_task_job_runner.py:240} INFO - Task exited with return code 0
[2026-03-26T12:12:30.451+0000] {taskinstance.py:3482} INFO - 0 downstream tasks scheduled from follow-on schedule check
[2026-03-26T12:12:30.453+0000] {local_task_job_runner.py:222} INFO - ::endgroup::
